 MPEG2Dump

 Timestamp is 59f768a5 (Mon Oct 30 14:00:05 2017)

 Preferred load address is 10000000

 Start         Length     Name                   Class
 0001:00000000 0000c6c0H .text$mn                CODE
 0001:0000c6c0 00000783H .text$x                 CODE
 0002:00000000 000001f4H .idata$5                DATA
 0002:000001f4 0000000cH .00cfg                  DATA
 0002:000001f8 00000000H .gfids$y                DATA
 0002:00000200 00005a58H .rdata                  DATA
 0002:00005c58 00000fa8H .rdata$r                DATA
 0002:00006c00 000000a0H .rdata$sxdata           DATA
 0002:00006ca0 000001e4H .rdata$zzzdbg           DATA
 0002:00006e84 0000072cH .xdata$x                DATA
 0002:000075b0 000000a8H .edata                  DATA
 0002:00007658 00000104H .idata$2                DATA
 0002:0000775c 00000014H .idata$3                DATA
 0002:00007770 000001f4H .idata$4                DATA
 0002:00007964 00000818H .idata$6                DATA
 0003:00000000 00000024H .data                   DATA
 0003:00000024 000004d4H .data$r                 DATA
 0003:000004f8 00000464H .bss                    DATA
 0004:00000000 000000a0H .rsrc$01                DATA
 0004:000000a0 00000400H .rsrc$02                DATA

  Address         Publics by Value              Rva+Base       Lib:Object

 0000:00000000       ___guard_fids_table        00000000     <absolute>
 0000:00000000       ___hybrid_code_map         00000000     <absolute>
 0000:00000000       ___hybrid_code_map_count   00000000     <absolute>
 0000:00000000       ___guard_fids_count        00000000     <absolute>
 0000:00000000       ___dynamic_value_reloc_table 00000000     <absolute>
 0000:00000000       ___guard_longjmp_count     00000000     <absolute>
 0000:00000000       ___guard_iat_table         00000000     <absolute>
 0000:00000000       ___guard_iat_count         00000000     <absolute>
 0000:00000000       ___guard_longjmp_table     00000000     <absolute>
 0000:00000000       ___hybrid_auxiliary_iat    00000000     <absolute>
 0000:00000000       ___enclave_config          00000000     <absolute>
 0000:00000028       ___safe_se_handler_count   00000028     <absolute>
 0000:00000100       ___guard_flags             00000100     <absolute>
 0001:00000000       ??0CAsyncIo@@QAE@K@Z       10001000 f   AsyncIO.obj
 0001:000000e0       ??0CAsyncRequest@@QAE@K@Z  100010e0 f   AsyncIO.obj
 0001:00000120       ??1CAsyncIo@@QAE@XZ        10001120 f   AsyncIO.obj
 0001:00000230       ??1CAsyncRequest@@QAE@XZ   10001230 f   AsyncIO.obj
 0001:00000240       ??1CAutoLock@@QAE@XZ       10001240 f i AsyncIO.obj
 0001:00000250       ??1CCritSec@@QAE@XZ        10001250 f i AsyncIO.obj
 0001:00000260       ?BeginFlush@CAsyncIo@@QAEJXZ 10001260 f   AsyncIO.obj
 0001:00000390       ?Cancel@CAsyncRequest@@QAEXXZ 10001390 f   AsyncIO.obj
 0001:000003b0       ?CloseThread@CAsyncIo@@AAEJXZ 100013b0 f   AsyncIO.obj
 0001:000003e0       ?Complete@CAsyncIo@@QAEJK@Z 100013e0 f   AsyncIO.obj
 0001:00000510       ?Complete@CAsyncRequest@@QAEXK@Z 10001510 f   AsyncIO.obj
 0001:00000520       ?EndFlush@CAsyncIo@@QAEJXZ 10001520 f   AsyncIO.obj
 0001:00000550       ?GetWorkItem@CAsyncIo@@AAEPAVCAsyncRequest@@XZ 10001550 f   AsyncIO.obj
 0001:000005c0       ?InitialThreadProc@CAsyncIo@@CGKPAX@Z 100015c0 f i AsyncIO.obj
 0001:00000700       ?Process@CAsyncRequest@@QAEJXZ 10001700 f   AsyncIO.obj
 0001:00000760       ?ProcessRequests@CAsyncIo@@AAEXXZ 10001760 f   AsyncIO.obj
 0001:00000860       ?PutWorkItem@CAsyncIo@@AAEJPAVCAsyncRequest@@@Z 10001860 f   AsyncIO.obj
 0001:00000940       ?Request@CAsyncIo@@QAEJPAXPAPAEPAKG@Z 10001940 f   AsyncIO.obj
 0001:00000a30       ?Request@CAsyncRequest@@QAEJPAVCAsyncIo@@PAXG@Z 10001a30 f   AsyncIO.obj
 0001:00000a70       ?RequestInWaiting@CAsyncIo@@QAEHXZ 10001a70 f   AsyncIO.obj
 0001:00000a80       ?StartThread@CAsyncIo@@AAEJXZ 10001a80 f   AsyncIO.obj
 0001:00000ae0       ?ThreadProc@CAsyncIo@@AAEKXZ 10001ae0 f   AsyncIO.obj
 0001:00000c20       ?CreateInstance@CMPEG2Dump@@SGPAVCUnknown@@PAUIUnknown@@PAJ@Z 10001c20 f   MPEG2Dump.obj
 0001:00000cd0       ??$__vcrt_va_start_verify_argument_type@PB_W@@YAXXZ 10001cd0 f i strmbase:wxutil.obj
 0001:00000cd0       ??$__vcrt_va_start_verify_argument_type@PBD@@YGXXZ 10001cd0 f i MPEG2Dump.obj
 0001:00000cd0       ??$__vcrt_va_start_verify_argument_type@QBD@@YGXXZ 10001cd0 f i MPEG2Dump.obj
 0001:00000cd0       ?Free@CMemAllocator@@MAEXXZ 10001cd0 f i strmbase:amfilter.obj
 0001:00000cd0       @_guard_check_icall_nop@4  10001cd0 f i msvcrt:guard_support.obj
 0001:00000ce0       ??0CDumpInputPin@@QAE@PAVCMPEG2Dump@@PAUIUnknown@@PAVCBaseFilter@@PAVCCritSec@@3PAJ@Z 10001ce0 f   MPEG2Dump.obj
 0001:00000d50       ??0CMPEG2Dump@@QAE@PAUIUnknown@@PAJ@Z 10001d50 f   MPEG2Dump.obj
 0001:000010a0       ??0CMPEG2DumpFilter@@QAE@PAVCMPEG2Dump@@PAUIUnknown@@PAVCCritSec@@PAJ@Z 100020a0 f   MPEG2Dump.obj
 0001:000010e0       ??0CWtoT@@QAE@PB_W@Z       100020e0 f i MPEG2Dump.obj
 0001:00001150       ??1CDumpInputPin@@UAE@XZ   10002150 f   MPEG2Dump.obj
 0001:00001180       ??1CMPEG2Dump@@UAE@XZ      10002180 f   MPEG2Dump.obj
 0001:00001310       ??1CUnknown@@UAE@XZ        10002310 f i MPEG2Dump.obj
 0001:00001320       ??1ShareInfo@@QAE@XZ       10002320 f i MPEG2Dump.obj
 0001:00001330       ??_GCDumpInputPin@@UAEPAXI@Z 10002330 f i MPEG2Dump.obj
 0001:00001330       ??_ECDumpInputPin@@UAEPAXI@Z 10002330 f i MPEG2Dump.obj
 0001:00001380       ??_GCMPEG2Dump@@UAEPAXI@Z  10002380 f i MPEG2Dump.obj
 0001:00001380       ??_ECMPEG2Dump@@UAEPAXI@Z  10002380 f i MPEG2Dump.obj
 0001:00001530       ??_ECMPEG2DumpFilter@@UAEPAXI@Z 10002530 f i MPEG2Dump.obj
 0001:00001530       ??_GCMPEG2DumpFilter@@UAEPAXI@Z 10002530 f i MPEG2Dump.obj
 0001:00001553       ?AddRef@CBaseFilter@@W3AGKXZ 10002553 f i MPEG2Dump.obj
 0001:00001553       ?AddRef@CBaseInputPin@@W3AGKXZ 10002553 f i MPEG2Dump.obj
 0001:00001553       ?AddRef@CMPEG2Dump@@W3AGKXZ 10002553 f i MPEG2Dump.obj
 0001:00001553       ?AddRef@CDynamicOutputPin@@W3AGKXZ 10002553 f i strmbase:amfilter.obj
 0001:00001560       ?AddRef@CDynamicOutputPin@@UAGKXZ 10002560 f i strmbase:amfilter.obj
 0001:00001560       ?AddRef@CBaseFilter@@UAGKXZ 10002560 f i MPEG2Dump.obj
 0001:00001560       ?AddRef@CBaseAllocator@@UAGKXZ 10002560 f i strmbase:amfilter.obj
 0001:00001560       ?AddRef@CBaseInputPin@@UAGKXZ 10002560 f i MPEG2Dump.obj
 0001:00001560       ?AddRef@CMPEG2Dump@@UAGKXZ 10002560 f i MPEG2Dump.obj
 0001:00001572       ?AddRef@CBaseInputPin@@WIM@AGKXZ 10002572 f i MPEG2Dump.obj
 0001:0000157f       ?AddRef@CMPEG2Dump@@W7AGKXZ 1000257f f i MPEG2Dump.obj
 0001:00001590       ?AsyncCloseFile@CMPEG2Dump@@AAEJXZ 10002590 f   MPEG2Dump.obj
 0001:00001620       ?AsyncFlushFile@CMPEG2Dump@@AAEJXZ 10002620 f   MPEG2Dump.obj
 0001:000016b0       ?AsyncWriteFile@CMPEG2Dump@@AAEJPAEK@Z 100026b0 f   MPEG2Dump.obj
 0001:00001800       ?BreakConnect@CDumpInputPin@@UAEJXZ 10002800 f   MPEG2Dump.obj
 0001:00001810       ?CompleteConnect@CBasePin@@UAEJPAUIPin@@@Z 10002810 f   strmbase:amfilter.obj
 0001:00001810       ?Revert@CMPEG2Dump@@UAGJXZ 10002810 f   MPEG2Dump.obj
 0001:00001810       ?CheckMediaType@CDumpInputPin@@UAEJPBVCMediaType@@@Z 10002810 f   MPEG2Dump.obj
 0001:00001810       ?EndOfStream@CBasePin@@UAGJXZ 10002810 f   strmbase:amfilter.obj
 0001:00001820       ?CloseConnection@CMPEG2Dump@@AAEJXZ 10002820 f   MPEG2Dump.obj
 0001:00001860       ?CloseFile@CMPEG2Dump@@AAEJH@Z 10002860 f   MPEG2Dump.obj
 0001:00001990       ?EndOfStream@CDumpInputPin@@UAGJXZ 10002990 f   MPEG2Dump.obj
 0001:00001a00       ?ForceCleanUp@CMPEG2Dump@@UAGJXZ 10002a00 f   MPEG2Dump.obj
 0001:00001a50       ?GetCurFile@CMPEG2Dump@@UAGJPAPA_WPAU_AMMediaType@@@Z 10002a50 f   MPEG2Dump.obj
 0001:00001ad0       ?GetPin@CMPEG2DumpFilter@@UAEPAVCBasePin@@H@Z 10002ad0 f   MPEG2Dump.obj
 0001:00001af0       ?GetPinCount@CMPEG2DumpFilter@@UAEHXZ 10002af0 f   MPEG2Dump.obj
 0001:00001b00       ?CopyTo@CMPEG2Dump@@UAGJPAUIStream@@T_ULARGE_INTEGER@@PAT3@2@Z 10002b00 f   MPEG2Dump.obj
 0001:00001b00       ?LockRegion@CMPEG2Dump@@UAGJT_ULARGE_INTEGER@@0K@Z 10002b00 f   MPEG2Dump.obj
 0001:00001b00       ?UnlockRegion@CMPEG2Dump@@UAGJT_ULARGE_INTEGER@@0K@Z 10002b00 f   MPEG2Dump.obj
 0001:00001b10       ?NewSegment@CDumpInputPin@@UAGJ_J0N@Z 10002b10 f   MPEG2Dump.obj
 0001:00001b30       ?NonDelegatingQueryInterface@CDumpInputPin@@UAGJABU_GUID@@PAPAX@Z 10002b30 f   MPEG2Dump.obj
 0001:00001b80       ?NonDelegatingQueryInterface@CMPEG2Dump@@EAGJABU_GUID@@PAPAX@Z 10002b80 f   MPEG2Dump.obj
 0001:00001ce0       ?OpenConnection@CMPEG2Dump@@AAEJXZ 10002ce0 f   MPEG2Dump.obj
 0001:00001fc0       ?OpenFile@CMPEG2Dump@@AAEJXZ 10002fc0 f   MPEG2Dump.obj
 0001:00002050       ?Pause@CMPEG2DumpFilter@@UAGJXZ 10003050 f   MPEG2Dump.obj
 0001:000020b0       ?QueryInterface@CDynamicOutputPin@@UAGJABU_GUID@@PAPAX@Z 100030b0 f i strmbase:amfilter.obj
 0001:000020b0       ?QueryInterface@CBaseAllocator@@UAGJABU_GUID@@PAPAX@Z 100030b0 f i strmbase:amfilter.obj
 0001:000020b0       ?QueryInterface@CMPEG2Dump@@UAGJABU_GUID@@PAPAX@Z 100030b0 f i MPEG2Dump.obj
 0001:000020b0       ?QueryInterface@CBaseFilter@@UAGJABU_GUID@@PAPAX@Z 100030b0 f i MPEG2Dump.obj
 0001:000020b0       ?QueryInterface@CBaseInputPin@@UAGJABU_GUID@@PAPAX@Z 100030b0 f i MPEG2Dump.obj
 0001:000020c1       ?QueryInterface@CBaseFilter@@W3AGJABU_GUID@@PAPAX@Z 100030c1 f i MPEG2Dump.obj
 0001:000020c1       ?QueryInterface@CBaseInputPin@@W3AGJABU_GUID@@PAPAX@Z 100030c1 f i MPEG2Dump.obj
 0001:000020c1       ?QueryInterface@CDynamicOutputPin@@W3AGJABU_GUID@@PAPAX@Z 100030c1 f i strmbase:amfilter.obj
 0001:000020c1       ?QueryInterface@CMPEG2Dump@@W3AGJABU_GUID@@PAPAX@Z 100030c1 f i MPEG2Dump.obj
 0001:000020cb       ?QueryInterface@CBaseInputPin@@WIM@AGJABU_GUID@@PAPAX@Z 100030cb f i MPEG2Dump.obj
 0001:000020d8       ?QueryInterface@CMPEG2Dump@@W7AGJABU_GUID@@PAPAX@Z 100030d8 f i MPEG2Dump.obj
 0001:000020f0       ?QueryInternalConnections@CBasePin@@UAGJPAPAUIPin@@PAK@Z 100030f0 f i MPEG2Dump.obj
 0001:00002100       ?ReOpenConnection@CMPEG2Dump@@AAEJXZ 10003100 f   MPEG2Dump.obj
 0001:00002150       ?Read@CMPEG2Dump@@UAGJPAXKPAK@Z 10003150 f   MPEG2Dump.obj
 0001:000021a0       ?Receive@CDumpInputPin@@UAGJPAUIMediaSample@@@Z 100031a0 f   MPEG2Dump.obj
 0001:000024f0       ?ReceiveCanBlock@CDumpInputPin@@UAGJXZ 100034f0 f   MPEG2Dump.obj
 0001:000024f8       ?Release@CMPEG2Dump@@W3AGKXZ 100034f8 f i MPEG2Dump.obj
 0001:000024f8       ?Release@CBaseInputPin@@W3AGKXZ 100034f8 f i MPEG2Dump.obj
 0001:000024f8       ?Release@CDynamicOutputPin@@W3AGKXZ 100034f8 f i strmbase:amfilter.obj
 0001:000024f8       ?Release@CBaseFilter@@W3AGKXZ 100034f8 f i MPEG2Dump.obj
 0001:00002502       ?Release@CBaseInputPin@@WIM@AGKXZ 10003502 f i MPEG2Dump.obj
 0001:0000250f       ?Release@CMPEG2Dump@@W7AGKXZ 1000350f f i MPEG2Dump.obj
 0001:00002520       ?Seek@CMPEG2Dump@@UAGJT_LARGE_INTEGER@@KPAT_ULARGE_INTEGER@@@Z 10003520 f   MPEG2Dump.obj
 0001:000025e0       ?SetFileName@CMPEG2Dump@@UAGJPB_WPBU_AMMediaType@@@Z 100035e0 f   MPEG2Dump.obj
 0001:000029b0       ?SetSize@CMPEG2Dump@@UAGJT_ULARGE_INTEGER@@@Z 100039b0 f   MPEG2Dump.obj
 0001:00002a60       ?Stat@CMPEG2Dump@@UAGJPAUtagSTATSTG@@K@Z 10003a60 f   MPEG2Dump.obj
 0001:00002aa0       ?Stop@CMPEG2DumpFilter@@UAGJXZ 10003aa0 f   MPEG2Dump.obj
 0001:00002b00       ?Write@CMPEG2Dump@@QAEJPAEJ@Z 10003b00 f   MPEG2Dump.obj
 0001:00002e00       ?Write@CMPEG2Dump@@UAGJPBXKPAK@Z 10003e00 f   MPEG2Dump.obj
 0001:00002ed0       ?WriteFile@CMPEG2Dump@@AAEJPBXK@Z 10003ed0 f   MPEG2Dump.obj
 0001:00002f10       ?WriteNetwork@CMPEG2Dump@@AAEJPAEK@Z 10003f10 f   MPEG2Dump.obj
 0001:00003490       ?get_FileLength@CMPEG2Dump@@UAGJPA_J@Z 10004490 f   MPEG2Dump.obj
 0001:000034d0       ?get_ShareInfo@CMPEG2Dump@@UAGJPAPAUShareInfo@@@Z 100044d0 f   MPEG2Dump.obj
 0001:000034f0       ?put_CircularSize@CMPEG2Dump@@UAGJJ@Z 100044f0 f   MPEG2Dump.obj
 0001:00003520       ?sockReadLine@@YGHIPADH@Z  10004520 f   MPEG2Dump.obj
 0001:000035b0       _DllRegisterServer@0       100045b0 f   MPEG2Dump.obj
 0001:000035d0       _DllUnregisterServer@0     100045d0 f   MPEG2Dump.obj
 0001:000035f0       ___local_stdio_printf_options 100045f0 f i MPEG2Dump.obj
 0001:00003600       _fprintf                   10004600 f i MPEG2Dump.obj
 0001:00003630       _sprintf                   10004630 f i MPEG2Dump.obj
 0001:00003670       ??0CClassFactory@@QAE@PBVCFactoryTemplate@@@Z 10004670 f   strmbase:dllentry.obj
 0001:000036b0       ?AddRef@CClassFactory@@UAGKXZ 100046b0 f   strmbase:dllentry.obj
 0001:000036d0       ?CreateInstance@CClassFactory@@UAGJPAUIUnknown@@ABU_GUID@@PAPAX@Z 100046d0 f   strmbase:dllentry.obj
 0001:000037a0       ?DllInitClasses@@YAXH@Z    100047a0 f   strmbase:dllentry.obj
 0001:000037e0       ?LockServer@CClassFactory@@UAGJH@Z 100047e0 f   strmbase:dllentry.obj
 0001:00003810       ?QueryInterface@CClassFactory@@UAGJABU_GUID@@PAPAX@Z 10004810 f   strmbase:dllentry.obj
 0001:000038b0       ?Release@CClassFactory@@UAGKXZ 100048b0 f   strmbase:dllentry.obj
 0001:000038f0       _DllCanUnloadNow@0         100048f0 f   strmbase:dllentry.obj
 0001:00003910       _DllEntryPoint@12          10004910 f   strmbase:dllentry.obj
 0001:00003930       _DllGetClassObject@12      10004930 f   strmbase:dllentry.obj
 0001:00003a30       __DllEntryPoint@12         10004a30 f   strmbase:dllentry.obj
 0001:00003ab0       ??0CAMEvent@@QAE@HPAJ@Z    10004ab0 f   strmbase:wxutil.obj
 0001:00003af0       ??0CAMEvent@@QAE@PAJ@Z     10004af0 f   strmbase:wxutil.obj
 0001:00003b30       ??0CAMMsgEvent@@QAE@PAJ@Z  10004b30 f   strmbase:wxutil.obj
 0001:00003b70       ??0CAMThread@@QAE@PAJ@Z    10004b70 f   strmbase:wxutil.obj
 0001:00003bf0       ??1CAMEvent@@QAE@XZ        10004bf0 f   strmbase:wxutil.obj
 0001:00003c00       ??1CAMThread@@UAE@XZ       10004c00 f   strmbase:wxutil.obj
 0001:00003c60       ??1CMsgThread@@QAE@XZ      10004c60 f   strmbase:wxutil.obj
 0001:00003d10       ?AMSafeMemMoveOffset@@YAJPAXIKPBXIKI@Z 10004d10 f   strmbase:wxutil.obj
 0001:00003da0       ?AmGetLastErrorToHResult@@YAJXZ 10004da0 f   strmbase:wxutil.obj
 0001:00003dc0       ?CallWorker@CAMThread@@QAEKK@Z 10004dc0 f   strmbase:wxutil.obj
 0001:00003e20       ?CheckRequest@CAMThread@@QAEHPAK@Z 10004e20 f   strmbase:wxutil.obj
 0001:00003e60       ?CoInitializeHelper@CAMThread@@SAJXZ 10004e60 f   strmbase:wxutil.obj
 0001:00003e90       ?CompatibleTimeSetEvent@@YAIIIP6GXIIKKK@ZKI@Z 10004e90 f   strmbase:wxutil.obj
 0001:00003f30       ?Create@CAMThread@@QAEHXZ  10004f30 f   strmbase:wxutil.obj
 0001:00003f90       ?CreateThread@CMsgThread@@QAEHXZ 10004f90 f   strmbase:wxutil.obj
 0001:00003fe0       ?DefaultThreadProc@CMsgThread@@CGKPAX@Z 10004fe0 f   strmbase:wxutil.obj
 0001:00004050       ?GetRequest@CAMThread@@QAEKXZ 10005050 f   strmbase:wxutil.obj
 0001:00004070       ?GetThreadMsg@CMsgThread@@UAEXPAVCMsg@@@Z 10005070 f   strmbase:wxutil.obj
 0001:00004130       ?InitialThreadProc@CAMThread@@SGKPAX@Z 10005130 f   strmbase:wxutil.obj
 0001:00004180       ?IntToWstr@@YGXHPA_W@Z     10005180 f   strmbase:wxutil.obj
 0001:000041b0       ?QzAtlComPtrAssign@@YAPAUIUnknown@@PAPAU1@PAU1@@Z 100051b0 f   strmbase:wxutil.obj
 0001:000041e0       ?Reply@CAMThread@@QAEXK@Z  100051e0 f   strmbase:wxutil.obj
 0001:00004210       ?StringCchPrintfW@@YAJPA_WIPB_WZZ 10005210 f i strmbase:wxutil.obj
 0001:00004290       ?TimeKillSynchronousFlagAvailable@@YA_NXZ 10005290 f   strmbase:wxutil.obj
 0001:00004300       ?WaitDispatchingMessages@@YGKPAXKPAUHWND__@@I0@Z 10005300 f   strmbase:wxutil.obj
 0001:000044f0       ?WaitMsg@CAMMsgEvent@@QAEHK@Z 100054f0 f   strmbase:wxutil.obj
 0001:00004570       _AMGetWideString@8         10005570 f   strmbase:wxutil.obj
 0001:00004620       _FreeBSTR@4                10005620 f   strmbase:wxutil.obj
 0001:00004650       _WriteBSTR@8               10005650 f   strmbase:wxutil.obj
 0001:00004680       _memmoveInternal@12        10005680 f   strmbase:wxutil.obj
 0001:000046e0       ??0CBaseList@@QAE@PB_W@Z   100056e0 f   strmbase:wxlist.obj
 0001:000046e0       ??0CBaseList@@QAE@PBD@Z    100056e0 f   strmbase:wxlist.obj
 0001:00004720       ??0CBaseList@@QAE@PB_WH@Z  10005720 f   strmbase:wxlist.obj
 0001:00004720       ??0CBaseList@@QAE@PBDH@Z   10005720 f   strmbase:wxlist.obj
 0001:00004760       ??1CBaseList@@QAE@XZ       10005760 f   strmbase:wxlist.obj
 0001:000047c0       ?AddAfter@CBaseList@@QAEHPAU__POSITION@@PAV1@@Z 100057c0 f   strmbase:wxlist.obj
 0001:000048b0       ?AddAfterI@CBaseList@@IAEPAU__POSITION@@PAU2@PAX@Z 100058b0 f   strmbase:wxlist.obj
 0001:00004930       ?AddBefore@CBaseList@@QAEHPAU__POSITION@@PAV1@@Z 10005930 f   strmbase:wxlist.obj
 0001:00004a20       ?AddBeforeI@CBaseList@@IAEPAU__POSITION@@PAU2@PAX@Z 10005a20 f   strmbase:wxlist.obj
 0001:00004aa0       ?AddHead@CBaseList@@QAEHPAV1@@Z 10005aa0 f   strmbase:wxlist.obj
 0001:00004b20       ?AddHeadI@CBaseList@@IAEPAU__POSITION@@PAX@Z 10005b20 f   strmbase:wxlist.obj
 0001:00004b90       ?AddTail@CBaseList@@QAEHPAV1@@Z 10005b90 f   strmbase:wxlist.obj
 0001:00004c10       ?AddTailI@CBaseList@@IAEPAU__POSITION@@PAX@Z 10005c10 f   strmbase:wxlist.obj
 0001:00004c90       ?FindI@CBaseList@@IBEPAU__POSITION@@PAX@Z 10005c90 f   strmbase:wxlist.obj
 0001:00004cc0       ?GetCountI@CBaseList@@QBEHXZ 10005cc0 f   strmbase:wxlist.obj
 0001:00004cd0       ?GetHeadPositionI@CBaseList@@QBEPAU__POSITION@@XZ 10005cd0 f   strmbase:wxlist.obj
 0001:00004ce0       ?GetI@CBaseList@@IBEPAXPAU__POSITION@@@Z 10005ce0 f   strmbase:wxlist.obj
 0001:00004d00       ?GetNextI@CBaseList@@IBEPAXAAPAU__POSITION@@@Z 10005d00 f   strmbase:wxlist.obj
 0001:00004d20       ?GetTailPositionI@CBaseList@@QBEPAU__POSITION@@XZ 10005d20 f   strmbase:wxlist.obj
 0001:00004d30       ?GetValidI@CBaseList@@IBEPAXPAU__POSITION@@@Z 10005d30 f   strmbase:wxlist.obj
 0001:00004d40       ?MoveToHead@CBaseList@@QAEHPAU__POSITION@@PAV1@@Z 10005d40 f   strmbase:wxlist.obj
 0001:00004dc0       ?MoveToTail@CBaseList@@QAEHPAU__POSITION@@PAV1@@Z 10005dc0 f   strmbase:wxlist.obj
 0001:00004e40       ?RemoveAll@CBaseList@@QAEXXZ 10005e40 f   strmbase:wxlist.obj
 0001:00004e80       ?RemoveHeadI@CBaseList@@IAEPAXXZ 10005e80 f   strmbase:wxlist.obj
 0001:00004e90       ?RemoveI@CBaseList@@IAEPAXPAU__POSITION@@@Z 10005e90 f   strmbase:wxlist.obj
 0001:00004f00       ?RemoveTailI@CBaseList@@IAEPAXXZ 10005f00 f   strmbase:wxlist.obj
 0001:00004f10       ?Reverse@CBaseList@@QAEXXZ 10005f10 f   strmbase:wxlist.obj
 0001:00004f40       ??0CBaseObject@@QAE@PBD@Z  10005f40 f   strmbase:combase.obj
 0001:00004f40       ??0CBaseObject@@QAE@PB_W@Z 10005f40 f   strmbase:combase.obj
 0001:00004f60       ??0CUnknown@@QAE@PBDPAUIUnknown@@@Z 10005f60 f   strmbase:combase.obj
 0001:00004f60       ??0CUnknown@@QAE@PB_WPAUIUnknown@@@Z 10005f60 f   strmbase:combase.obj
 0001:00004fa0       ??0CUnknown@@QAE@PB_WPAUIUnknown@@PAJ@Z 10005fa0 f   strmbase:combase.obj
 0001:00004fa0       ??0CUnknown@@QAE@PBDPAUIUnknown@@PAJ@Z 10005fa0 f   strmbase:combase.obj
 0001:00004fe0       ??1CBaseObject@@QAE@XZ     10005fe0 f   strmbase:combase.obj
 0001:00005010       ?IsEqualObject@@YGHPAUIUnknown@@0@Z 10006010 f   strmbase:combase.obj
 0001:00005080       ?LoadOLEAut32@@YAPAUHINSTANCE__@@XZ 10006080 f   strmbase:combase.obj
 0001:000050a0       ?NonDelegatingAddRef@CUnknown@@UAGKXZ 100060a0 f   strmbase:combase.obj
 0001:000050d0       ?NonDelegatingQueryInterface@CUnknown@@UAGJABU_GUID@@PAPAX@Z 100060d0 f   strmbase:combase.obj
 0001:00005130       ?NonDelegatingRelease@CUnknown@@UAGKXZ 10006130 f   strmbase:combase.obj
 0001:00005170       _GetInterface@8            10006170 f   strmbase:combase.obj
 0001:000051a0       _AMovieDllRegisterServer2@4 100061a0 f   strmbase:dllsetup.obj
 0001:000053e0       _AMovieDllRegisterServer@0 100063e0 f   strmbase:dllsetup.obj
 0001:00005530       _AMovieDllUnregisterServer@0 10006530 f   strmbase:dllsetup.obj
 0001:00005660       _AMovieSetupRegisterFilter2@12 10006660 f   strmbase:dllsetup.obj
 0001:000056d0       _AMovieSetupRegisterServer@32 100066d0 f   strmbase:dllsetup.obj
 0001:00005920       _AMovieSetupUnregisterServer@16 10006920 f   strmbase:dllsetup.obj
 0001:000059a0       _EliminateSubKey@8         100069a0 f   strmbase:dllsetup.obj
 0001:00005ab0       _RegisterAllServers@8      10006ab0 f   strmbase:dllsetup.obj
 0001:00005b90       ??0CBaseAllocator@@QAE@PBDPAUIUnknown@@PAJHH@Z 10006b90 f   strmbase:amfilter.obj
 0001:00005b90       ??0CBaseAllocator@@QAE@PB_WPAUIUnknown@@PAJHH@Z 10006b90 f   strmbase:amfilter.obj
 0001:00005c40       ??0CBaseFilter@@QAE@PBDPAUIUnknown@@PAVCCritSec@@ABU_GUID@@@Z 10006c40 f   strmbase:amfilter.obj
 0001:00005c40       ??0CBaseFilter@@QAE@PB_WPAUIUnknown@@PAVCCritSec@@ABU_GUID@@@Z 10006c40 f   strmbase:amfilter.obj
 0001:00005cb0       ??0CBaseFilter@@QAE@PB_WPAUIUnknown@@PAVCCritSec@@ABU_GUID@@PAJ@Z 10006cb0 f   strmbase:amfilter.obj
 0001:00005cb0       ??0CBaseFilter@@QAE@PBDPAUIUnknown@@PAVCCritSec@@ABU_GUID@@PAJ@Z 10006cb0 f   strmbase:amfilter.obj
 0001:00005d20       ??0CBaseInputPin@@QAE@PB_WPAVCBaseFilter@@PAVCCritSec@@PAJ0@Z 10006d20 f   strmbase:amfilter.obj
 0001:00005d20       ??0CBaseInputPin@@QAE@PBDPAVCBaseFilter@@PAVCCritSec@@PAJPB_W@Z 10006d20 f   strmbase:amfilter.obj
 0001:00005d70       ??0CBaseMediaFilter@@QAE@PB_WPAUIUnknown@@PAVCCritSec@@ABU_GUID@@@Z 10006d70 f   strmbase:amfilter.obj
 0001:00005dc0       ??0CBaseOutputPin@@QAE@PB_WPAVCBaseFilter@@PAVCCritSec@@PAJ0@Z 10006dc0 f   strmbase:amfilter.obj
 0001:00005dc0       ??0CBaseOutputPin@@QAE@PBDPAVCBaseFilter@@PAVCCritSec@@PAJPB_W@Z 10006dc0 f   strmbase:amfilter.obj
 0001:00005e00       ??0CBasePin@@QAE@PB_WPAVCBaseFilter@@PAVCCritSec@@PAJ0W4_PinDirection@@@Z 10006e00 f   strmbase:amfilter.obj
 0001:00005e00       ??0CBasePin@@QAE@PBDPAVCBaseFilter@@PAVCCritSec@@PAJPB_WW4_PinDirection@@@Z 10006e00 f   strmbase:amfilter.obj
 0001:00005f30       ??0CDynamicOutputPin@@QAE@PB_WPAVCBaseFilter@@PAVCCritSec@@PAJ0@Z 10006f30 f   strmbase:amfilter.obj
 0001:00005f30       ??0CDynamicOutputPin@@QAE@PBDPAVCBaseFilter@@PAVCCritSec@@PAJPB_W@Z 10006f30 f   strmbase:amfilter.obj
 0001:00006050       ??0CEnumMediaTypes@@QAE@PAVCBasePin@@PAV0@@Z 10007050 f   strmbase:amfilter.obj
 0001:000060b0       ??0CEnumPins@@QAE@PAVCBaseFilter@@PAV0@@Z 100070b0 f   strmbase:amfilter.obj
 0001:00006170       ??0CMediaSample@@QAE@PBDPAVCBaseAllocator@@PAJPAEJ@Z 10007170 f   strmbase:amfilter.obj
 0001:000061c0       ??0CMediaSample@@QAE@PB_WPAVCBaseAllocator@@PAJPAEJ@Z 100071c0 f   strmbase:amfilter.obj
 0001:00006220       ??0CMemAllocator@@QAE@PBDPAUIUnknown@@PAJ@Z 10007220 f   strmbase:amfilter.obj
 0001:00006220       ??0CMemAllocator@@QAE@PB_WPAUIUnknown@@PAJ@Z 10007220 f   strmbase:amfilter.obj
 0001:000062e0       ??1?$CGenericList@VCAsyncRequest@@@@QAE@XZ 100072e0 f i AsyncIO.obj
 0001:000062e0       ??1?$CGenericList@VCBasePin@@@@QAE@XZ 100072e0 f i strmbase:amfilter.obj
 0001:000062f0       ??1?$QzCComPtr@UIPinConnection@@@@QAE@XZ 100072f0 f i strmbase:amfilter.obj
 0001:00006330       ??1CBaseAllocator@@UAE@XZ  10007330 f   strmbase:amfilter.obj
 0001:000063a0       ??1CBaseFilter@@UAE@XZ     100073a0 f   strmbase:amfilter.obj
 0001:00006400       ??1CBaseInputPin@@UAE@XZ   10007400 f   strmbase:amfilter.obj
 0001:00006470       ??1CBaseMediaFilter@@UAE@XZ 10007470 f   strmbase:amfilter.obj
 0001:000064d0       ??1CBaseOutputPin@@UAE@XZ  100074d0 f   strmbase:amfilter.obj
 0001:000064d0       ??1CBasePin@@UAE@XZ        100074d0 f   strmbase:amfilter.obj
 0001:000064f0       ??1CDynamicOutputPin@@UAE@XZ 100074f0 f   strmbase:amfilter.obj
 0001:00006560       ??1CEnumMediaTypes@@UAE@XZ 10007560 f   strmbase:amfilter.obj
 0001:000065b0       ??1CEnumPins@@UAE@XZ       100075b0 f   strmbase:amfilter.obj
 0001:00006600       ??1CMediaSample@@UAE@XZ    10007600 f   strmbase:amfilter.obj
 0001:00006650       ??1CMemAllocator@@UAE@XZ   10007650 f   strmbase:amfilter.obj
 0001:00006760       ??_ECDynamicOutputPin@@UAEPAXI@Z 10007760 f i strmbase:amfilter.obj
 0001:00006760       ??_GCDynamicOutputPin@@UAEPAXI@Z 10007760 f i strmbase:amfilter.obj
 0001:000067f0       ??_GCEnumMediaTypes@@UAEPAXI@Z 100077f0 f i strmbase:amfilter.obj
 0001:000067f0       ??_ECEnumMediaTypes@@UAEPAXI@Z 100077f0 f i strmbase:amfilter.obj
 0001:00006860       ??_ECEnumPins@@UAEPAXI@Z   10007860 f i strmbase:amfilter.obj
 0001:00006860       ??_GCEnumPins@@UAEPAXI@Z   10007860 f i strmbase:amfilter.obj
 0001:000068d0       ??_GCMediaSample@@UAEPAXI@Z 100078d0 f i strmbase:amfilter.obj
 0001:000068d0       ??_ECMediaSample@@UAEPAXI@Z 100078d0 f i strmbase:amfilter.obj
 0001:00006940       ??_ECMemAllocator@@UAEPAXI@Z 10007940 f i strmbase:amfilter.obj
 0001:00006940       ??_GCMemAllocator@@UAEPAXI@Z 10007940 f i strmbase:amfilter.obj
 0001:00006a70       ?Active@CBaseOutputPin@@UAEJXZ 10007a70 f   strmbase:amfilter.obj
 0001:00006a90       ?GetSetupData@CBaseFilter@@UAEPAU_AMOVIESETUP_FILTER@@XZ 10007a90 f   MPEG2Dump.obj
 0001:00006a90       ?Active@CBasePin@@UAEJXZ   10007a90 f   strmbase:amfilter.obj
 0001:00006a90       ?BreakConnect@CBasePin@@UAEJXZ 10007a90 f   strmbase:amfilter.obj
 0001:00006aa0       ?Active@CDynamicOutputPin@@UAEJXZ 10007aa0 f   strmbase:amfilter.obj
 0001:00006add       ?AddRef@CDynamicOutputPin@@WJE@AGKXZ 10007add f i strmbase:amfilter.obj
 0001:00006af0       ?AddRef@CEnumMediaTypes@@UAGKXZ 10007af0 f   strmbase:amfilter.obj
 0001:00006b10       ?AddRef@CEnumPins@@UAGKXZ  10007b10 f   strmbase:amfilter.obj
 0001:00006b30       ?AddRef@CMediaSample@@UAGKXZ 10007b30 f   strmbase:amfilter.obj
 0001:00006b50       ?AgreeMediaType@CBasePin@@IAEJPAUIPin@@PBVCMediaType@@@Z 10007b50 f   strmbase:amfilter.obj
 0001:00006cf0       ?Alloc@CBaseAllocator@@MAEJXZ 10007cf0 f   strmbase:amfilter.obj
 0001:00006d20       ?Alloc@CMemAllocator@@MAEJXZ 10007d20 f   strmbase:amfilter.obj
 0001:00006ee0       ?AsynchronousBlockOutputPin@CDynamicOutputPin@@IAEJPAX@Z 10007ee0 f   strmbase:amfilter.obj
 0001:00006fd0       ?AttemptConnection@CBasePin@@IAEJPAUIPin@@PBVCMediaType@@@Z 10007fd0 f   strmbase:amfilter.obj
 0001:00007080       ?BeginFlush@CBaseInputPin@@UAGJXZ 10008080 f   strmbase:amfilter.obj
 0001:000070b0       ?Block@CDynamicOutputPin@@UAGJKPAX@Z 100080b0 f   strmbase:amfilter.obj
 0001:000071f0       ?BlockOutputPin@CDynamicOutputPin@@IAEXXZ 100081f0 f   strmbase:amfilter.obj
 0001:00007230       ?BreakConnect@CBaseInputPin@@UAEJXZ 10008230 f   strmbase:amfilter.obj
 0001:00007270       ?BreakConnect@CBaseOutputPin@@UAEJXZ 10008270 f   strmbase:amfilter.obj
 0001:000072c0       ?ChangeMediaType@CDynamicOutputPin@@QAEJPBVCMediaType@@@Z 100082c0 f   strmbase:amfilter.obj
 0001:00007480       ?ChangeMediaTypeHelper@CDynamicOutputPin@@AAEJPBVCMediaType@@@Z 10008480 f   strmbase:amfilter.obj
 0001:00007580       ?ChangeOutputFormat@CDynamicOutputPin@@QAEJPBU_AMMediaType@@_J1N@Z 10008580 f   strmbase:amfilter.obj
 0001:00007630       ?CheckConnect@CBaseOutputPin@@UAEJPAUIPin@@@Z 10008630 f   strmbase:amfilter.obj
 0001:00007680       ?CheckConnect@CBasePin@@UAEJPAUIPin@@@Z 10008680 f   strmbase:amfilter.obj
 0001:000076b0       ?CheckStreaming@CBaseInputPin@@UAEJXZ 100086b0 f   strmbase:amfilter.obj
 0001:000076e0       ?Clone@CEnumMediaTypes@@UAGJPAPAUIEnumMediaTypes@@@Z 100086e0 f   strmbase:amfilter.obj
 0001:00007790       ?Clone@CEnumPins@@UAGJPAPAUIEnumPins@@@Z 10008790 f   strmbase:amfilter.obj
 0001:00007840       ?Commit@CBaseAllocator@@UAGJXZ 10008840 f   strmbase:amfilter.obj
 0001:000078e0       ?CompleteConnect@CBaseOutputPin@@UAEJPAUIPin@@@Z 100088e0 f   strmbase:amfilter.obj
 0001:00007900       ?CompleteConnect@CDynamicOutputPin@@UAEJPAUIPin@@@Z 10008900 f   strmbase:amfilter.obj
 0001:00007940       ?Connect@CBasePin@@UAGJPAUIPin@@PBU_AMMediaType@@@Z 10008940 f   strmbase:amfilter.obj
 0001:00007a00       ?ConnectedTo@CBasePin@@UAGJPAPAUIPin@@@Z 10008a00 f   strmbase:amfilter.obj
 0001:00007a40       ?ConnectionMediaType@CBasePin@@UAGJPAU_AMMediaType@@@Z 10008a40 f   strmbase:amfilter.obj
 0001:00007ae0       ?CreateInstance@CMemAllocator@@SAPAVCUnknown@@PAUIUnknown@@PAJ@Z 10008ae0 f   strmbase:amfilter.obj
 0001:00007c00       ?DecideAllocator@CBaseOutputPin@@UAEJPAUIMemInputPin@@PAPAUIMemAllocator@@@Z 10008c00 f   strmbase:amfilter.obj
 0001:00007d00       ?Decommit@CBaseAllocator@@UAGJXZ 10008d00 f   strmbase:amfilter.obj
 0001:00007dd0       ?Deliver@CBaseOutputPin@@UAEJPAUIMediaSample@@@Z 10008dd0 f   strmbase:amfilter.obj
 0001:00007e00       ?DeliverBeginFlush@CBaseOutputPin@@UAEJXZ 10008e00 f   strmbase:amfilter.obj
 0001:00007e20       ?DeliverBeginFlush@CDynamicOutputPin@@UAEJXZ 10008e20 f   strmbase:amfilter.obj
 0001:00007e50       ?DeliverEndFlush@CBaseOutputPin@@UAEJXZ 10008e50 f   strmbase:amfilter.obj
 0001:00007e70       ?DeliverEndFlush@CDynamicOutputPin@@UAEJXZ 10008e70 f   strmbase:amfilter.obj
 0001:00007ea0       ?DeliverEndOfStream@CBaseOutputPin@@UAEJXZ 10008ea0 f   strmbase:amfilter.obj
 0001:00007ec0       ?DeliverNewSegment@CBaseOutputPin@@UAEJ_J0N@Z 10008ec0 f   strmbase:amfilter.obj
 0001:00007f00       ?Disconnect@CBasePin@@UAGJXZ 10008f00 f   strmbase:amfilter.obj
 0001:00007fa0       ?Disconnect@CDynamicOutputPin@@UAGJXZ 10008fa0 f   strmbase:amfilter.obj
 0001:00008030       ?DisconnectInternal@CBasePin@@IAGJXZ 10009030 f   strmbase:amfilter.obj
 0001:00008070       ?DynamicReconnect@CDynamicOutputPin@@QAEJPBVCMediaType@@@Z 10009070 f   strmbase:amfilter.obj
 0001:000080b0       ?EndFlush@CBaseInputPin@@UAGJXZ 100090b0 f   strmbase:amfilter.obj
 0001:000080e0       ?BeginFlush@CBaseOutputPin@@UAGJXZ 100090e0 f   strmbase:amfilter.obj
 0001:000080e0       ?EndFlush@CBaseOutputPin@@UAGJXZ 100090e0 f   strmbase:amfilter.obj
 0001:000080e0       ?EndOfStream@CBaseOutputPin@@UAGJXZ 100090e0 f   strmbase:amfilter.obj
 0001:000080f0       ?EnumMediaTypes@CBasePin@@UAGJPAPAUIEnumMediaTypes@@@Z 100090f0 f   strmbase:amfilter.obj
 0001:000081a0       ?EnumPins@CBaseFilter@@UAGJPAPAUIEnumPins@@@Z 100091a0 f   strmbase:amfilter.obj
 0001:00008230       ?FindPin@CBaseFilter@@UAGJPB_WPAPAUIPin@@@Z 10009230 f   strmbase:amfilter.obj
 0001:00008310       ?GetActualDataLength@CMediaSample@@UAGJXZ 10009310 f   strmbase:amfilter.obj
 0001:00008320       ?GetAllocator@CBaseInputPin@@UAGJPAPAUIMemAllocator@@@Z 10009320 f   strmbase:amfilter.obj
 0001:000083d0       ?GetBuffer@CBaseAllocator@@UAGJPAPAUIMediaSample@@PA_J1K@Z 100093d0 f   strmbase:amfilter.obj
 0001:00008470       ?GetClassID@CBaseFilter@@UAGJPAU_GUID@@@Z 10009470 f   strmbase:amfilter.obj
 0001:000084a0       ?GetClassID@CBaseMediaFilter@@UAGJPAU_GUID@@@Z 100094a0 f   strmbase:amfilter.obj
 0001:000084d0       ?GetDeliveryBuffer@CBaseOutputPin@@UAEJPAPAUIMediaSample@@PA_J1K@Z 100094d0 f   strmbase:amfilter.obj
 0001:00008500       ?GetFreeCount@CBaseAllocator@@UAGJPAJ@Z 10009500 f   strmbase:amfilter.obj
 0001:00008540       ?GetMediaTime@CMediaSample@@UAGJPA_J0@Z 10009540 f   strmbase:amfilter.obj
 0001:00008580       ?GetMediaType@CBasePin@@UAEJHPAVCMediaType@@@Z 10009580 f   strmbase:amfilter.obj
 0001:00008590       ?GetMediaType@CMediaSample@@UAGJPAPAU_AMMediaType@@@Z 10009590 f   strmbase:amfilter.obj
 0001:000085d0       ?GetMediaTypeVersion@CBasePin@@UAEJXZ 100095d0 f   strmbase:amfilter.obj
 0001:000085e0       ?GetPinVersion@CBaseFilter@@UAEJXZ 100095e0 f   strmbase:amfilter.obj
 0001:000085f0       ?GetPointer@CMediaSample@@UAGJPAPAE@Z 100095f0 f   strmbase:amfilter.obj
 0001:00008610       ?GetProperties@CBaseAllocator@@UAGJPAU_AllocatorProperties@@@Z 10009610 f   strmbase:amfilter.obj
 0001:00008670       ?GetProperties@CMediaSample@@UAGJKPAE@Z 10009670 f   strmbase:amfilter.obj
 0001:00008720       ?GetSize@CMediaSample@@UAGJXZ 10009720 f   strmbase:amfilter.obj
 0001:00008730       ?GetState@CBaseFilter@@UAGJKPAW4_FilterState@@@Z 10009730 f   strmbase:amfilter.obj
 0001:00008760       ?GetState@CBaseMediaFilter@@UAGJKPAW4_FilterState@@@Z 10009760 f   strmbase:amfilter.obj
 0001:00008790       ?GetSyncSource@CBaseFilter@@UAGJPAPAUIReferenceClock@@@Z 10009790 f   strmbase:amfilter.obj
 0001:00008820       ?GetSyncSource@CBaseMediaFilter@@UAGJPAPAUIReferenceClock@@@Z 10009820 f   strmbase:amfilter.obj
 0001:000088b0       ?GetTime@CMediaSample@@UAGJPA_J0@Z 100098b0 f   strmbase:amfilter.obj
 0001:00008920       ?Inactive@CBaseInputPin@@UAEJXZ 10009920 f   strmbase:amfilter.obj
 0001:00008950       ?Inactive@CBaseOutputPin@@UAEJXZ 10009950 f   strmbase:amfilter.obj
 0001:00008970       ?Inactive@CBasePin@@UAEJXZ 10009970 f   strmbase:amfilter.obj
 0001:00008980       ?Inactive@CDynamicOutputPin@@UAEJXZ 10009980 f   strmbase:amfilter.obj
 0001:000089b0       ?IncrementPinVersion@CBaseFilter@@QAEXXZ 100099b0 f   strmbase:amfilter.obj
 0001:000089c0       ?IncrementTypeVersion@CBasePin@@QAEXXZ 100099c0 f   strmbase:amfilter.obj
 0001:000089d0       ?InitAllocator@CBaseOutputPin@@UAEJPAPAUIMemAllocator@@@Z 100099d0 f   strmbase:amfilter.obj
 0001:000089d0       _CreateMemoryAllocator@4   100099d0 f   strmbase:amfilter.obj
 0001:000089f0       ?Initialize@CDynamicOutputPin@@AAEJXZ 100099f0 f   strmbase:amfilter.obj
 0001:00008a20       ?IsDiscontinuity@CMediaSample@@UAGJXZ 10009a20 f   strmbase:amfilter.obj
 0001:00008a40       ?IsPreroll@CMediaSample@@UAGJXZ 10009a40 f   strmbase:amfilter.obj
 0001:00008a60       ?IsSyncPoint@CMediaSample@@UAGJXZ 10009a60 f   strmbase:amfilter.obj
 0001:00008a80       ?JoinFilterGraph@CBaseFilter@@UAGJPAUIFilterGraph@@PB_W@Z 10009a80 f   strmbase:amfilter.obj
 0001:00008b90       ?NewSegment@CBasePin@@UAGJ_J0N@Z 10009b90 f   strmbase:amfilter.obj
 0001:00008bd0       ?Next@CEnumMediaTypes@@UAGJKPAPAU_AMMediaType@@PAK@Z 10009bd0 f   strmbase:amfilter.obj
 0001:00008d40       ?Next@CEnumPins@@UAGJKPAPAUIPin@@PAK@Z 10009d40 f   strmbase:amfilter.obj
 0001:00008e20       ?NonDelegatingAddRef@CBasePin@@UAGKXZ 10009e20 f   strmbase:amfilter.obj
 0001:00008e40       ?NonDelegatingQueryInterface@CBaseAllocator@@UAGJABU_GUID@@PAPAX@Z 10009e40 f   strmbase:amfilter.obj
 0001:00008ec0       ?NonDelegatingQueryInterface@CBaseFilter@@UAGJABU_GUID@@PAPAX@Z 10009ec0 f   strmbase:amfilter.obj
 0001:00008f80       ?NonDelegatingQueryInterface@CBaseInputPin@@UAGJABU_GUID@@PAPAX@Z 10009f80 f   strmbase:amfilter.obj
 0001:00008fd0       ?NonDelegatingQueryInterface@CBaseMediaFilter@@UAGJABU_GUID@@PAPAX@Z 10009fd0 f   strmbase:amfilter.obj
 0001:00009050       ?NonDelegatingQueryInterface@CBasePin@@UAGJABU_GUID@@PAPAX@Z 1000a050 f   strmbase:amfilter.obj
 0001:000090e0       ?NonDelegatingQueryInterface@CDynamicOutputPin@@UAGJABU_GUID@@PAPAX@Z 1000a0e0 f   strmbase:amfilter.obj
 0001:00009130       ?NonDelegatingRelease@CBasePin@@UAGKXZ 1000a130 f   strmbase:amfilter.obj
 0001:00009150       ?Notify@CBaseInputPin@@UAGJPAUIBaseFilter@@UtagQuality@@@Z 1000a150 f   strmbase:amfilter.obj
 0001:00009170       ?Notify@CBasePin@@UAGJPAUIBaseFilter@@UtagQuality@@@Z 1000a170 f   strmbase:amfilter.obj
 0001:00009180       ?NotifyAllocator@CBaseInputPin@@UAGJPAUIMemAllocator@@H@Z 1000a180 f   strmbase:amfilter.obj
 0001:00009220       ?NotifyEvent@CBaseFilter@@QAEJJJJ@Z 1000a220 f   strmbase:amfilter.obj
 0001:00009270       ?NotifySample@CBaseAllocator@@QAEXXZ 1000a270 f   strmbase:amfilter.obj
 0001:00009290       ?PassNotify@CBaseInputPin@@QAEJAAUtagQuality@@@Z 1000a290 f   strmbase:amfilter.obj
 0001:00009340       ?Pause@CBaseFilter@@UAGJXZ 1000a340 f   strmbase:amfilter.obj
 0001:00009400       ?Pause@CBaseMediaFilter@@UAGJXZ 1000a400 f   strmbase:amfilter.obj
 0001:00009430       ?QueryAccept@CBasePin@@UAGJPBU_AMMediaType@@@Z 1000a430 f   strmbase:amfilter.obj
 0001:00009460       ?QueryDirection@CBasePin@@UAGJPAW4_PinDirection@@@Z 1000a460 f   strmbase:amfilter.obj
 0001:00009490       ?QueryFilterInfo@CBaseFilter@@UAGJPAU_FilterInfo@@@Z 1000a490 f   strmbase:amfilter.obj
 0001:00009520       ?QueryId@CBasePin@@UAGJPAPA_W@Z 1000a520 f   strmbase:amfilter.obj
 0001:00009535       ?QueryInterface@CDynamicOutputPin@@WJE@AGJABU_GUID@@PAPAX@Z 1000a535 f i strmbase:amfilter.obj
 0001:00009550       ?QueryInterface@CEnumMediaTypes@@UAGJABU_GUID@@PAPAX@Z 1000a550 f   strmbase:amfilter.obj
 0001:000095e0       ?QueryInterface@CEnumPins@@UAGJABU_GUID@@PAPAX@Z 1000a5e0 f   strmbase:amfilter.obj
 0001:00009670       ?QueryInterface@CMediaSample@@UAGJABU_GUID@@PAPAX@Z 1000a670 f   strmbase:amfilter.obj
 0001:00009720       ?QueryPinInfo@CBasePin@@UAGJPAU_PinInfo@@@Z 1000a720 f   strmbase:amfilter.obj
 0001:000097c0       ?QueryVendorInfo@CBaseFilter@@UAGJPAPA_W@Z 1000a7c0 f   strmbase:amfilter.obj
 0001:000097c0       ?GetAllocatorRequirements@CBaseInputPin@@UAGJPAU_AllocatorProperties@@@Z 1000a7c0 f   strmbase:amfilter.obj
 0001:000097d0       ?ReallyFree@CMemAllocator@@IAEXXZ 1000a7d0 f   strmbase:amfilter.obj
 0001:00009820       ?Receive@CBaseInputPin@@UAGJPAUIMediaSample@@@Z 1000a820 f   strmbase:amfilter.obj
 0001:00009980       ?ReceiveCanBlock@CBaseInputPin@@UAGJXZ 1000a980 f   strmbase:amfilter.obj
 0001:00009a40       ?ReceiveConnection@CBasePin@@UAGJPAUIPin@@PBU_AMMediaType@@@Z 1000aa40 f   strmbase:amfilter.obj
 0001:00009b90       ?ReceiveMultiple@CBaseInputPin@@UAGJPAPAUIMediaSample@@JPAJ@Z 1000ab90 f   strmbase:amfilter.obj
 0001:00009be0       ?ReconnectPin@CBaseFilter@@QAEJPAUIPin@@PBU_AMMediaType@@@Z 1000abe0 f   strmbase:amfilter.obj
 0001:00009c50       ?Refresh@CEnumPins@@AAGJXZ 1000ac50 f   strmbase:amfilter.obj
 0001:00009c80       ?Register@CBaseFilter@@UAGJXZ 1000ac80 f   strmbase:amfilter.obj
 0001:00009cf0       ?Release@CBaseFilter@@UAGKXZ 1000acf0 f i MPEG2Dump.obj
 0001:00009cf0       ?Release@CDynamicOutputPin@@UAGKXZ 1000acf0 f i strmbase:amfilter.obj
 0001:00009cf0       ?Release@CBaseInputPin@@UAGKXZ 1000acf0 f i MPEG2Dump.obj
 0001:00009cf0       ?Release@CMPEG2Dump@@UAGKXZ 1000acf0 f i MPEG2Dump.obj
 0001:00009cf0       ?Release@CBaseAllocator@@UAGKXZ 1000acf0 f i strmbase:amfilter.obj
 0001:00009d02       ?Release@CDynamicOutputPin@@WJE@AGKXZ 1000ad02 f i strmbase:amfilter.obj
 0001:00009d10       ?Release@CEnumMediaTypes@@UAGKXZ 1000ad10 f   strmbase:amfilter.obj
 0001:00009d40       ?Release@CEnumPins@@UAGKXZ 1000ad40 f   strmbase:amfilter.obj
 0001:00009d70       ?Release@CMediaSample@@UAGKXZ 1000ad70 f   strmbase:amfilter.obj
 0001:00009dd0       ?ReleaseBuffer@CBaseAllocator@@UAGJPAUIMediaSample@@@Z 1000add0 f   strmbase:amfilter.obj
 0001:00009ec0       ?Remove@CSampleList@CBaseAllocator@@QAEXPAVCMediaSample@@@Z 1000aec0 f   strmbase:amfilter.obj
 0001:00009f00       ?Reset@CEnumMediaTypes@@UAGJXZ 1000af00 f   strmbase:amfilter.obj
 0001:00009f20       ?Reset@CEnumPins@@UAGJXZ   1000af20 f   strmbase:amfilter.obj
 0001:00009f60       ?Run@CBaseFilter@@UAGJ_J@Z 1000af60 f   strmbase:amfilter.obj
 0001:0000a030       ?Run@CBaseMediaFilter@@UAGJ_J@Z 1000b030 f   strmbase:amfilter.obj
 0001:0000a0b0       ?Clone@CMPEG2Dump@@UAGJPAPAUIStream@@@Z 1000b0b0 f   MPEG2Dump.obj
 0001:0000a0b0       ?Commit@CMPEG2Dump@@UAGJK@Z 1000b0b0 f   MPEG2Dump.obj
 0001:0000a0b0       ?Run@CBasePin@@UAEJ_J@Z    1000b0b0 f   strmbase:amfilter.obj
 0001:0000a0c0       ?SetActualDataLength@CMediaSample@@UAGJJ@Z 1000b0c0 f   strmbase:amfilter.obj
 0001:0000a0f0       ?SetConfigInfo@CDynamicOutputPin@@QAEXPAUIGraphConfig@@PAX@Z 1000b0f0 f   strmbase:amfilter.obj
 0001:0000a110       ?SetDiscontinuity@CMediaSample@@UAGJH@Z 1000b110 f   strmbase:amfilter.obj
 0001:0000a140       ?SetMediaTime@CMediaSample@@UAGJPA_J0@Z 1000b140 f   strmbase:amfilter.obj
 0001:0000a190       ?SetMediaType@CBasePin@@UAEJPBVCMediaType@@@Z 1000b190 f   strmbase:amfilter.obj
 0001:0000a1b0       ?SetMediaType@CMediaSample@@UAGJPAU_AMMediaType@@@Z 1000b1b0 f   strmbase:amfilter.obj
 0001:0000a210       ?SetNotify@CBaseAllocator@@UAGJPAUIMemAllocatorNotifyCallbackTemp@@@Z 1000b210 f   strmbase:amfilter.obj
 0001:0000a290       ?SetPointer@CMediaSample@@QAEJPAEJ@Z 1000b290 f   strmbase:amfilter.obj
 0001:0000a2c0       ?SetPreroll@CMediaSample@@UAGJH@Z 1000b2c0 f   strmbase:amfilter.obj
 0001:0000a2f0       ?SetProperties@CBaseAllocator@@UAGJPAU_AllocatorProperties@@0@Z 1000b2f0 f   strmbase:amfilter.obj
 0001:0000a3c0       ?SetProperties@CMediaSample@@UAGJKPBE@Z 1000b3c0 f   strmbase:amfilter.obj
 0001:0000a550       ?SetProperties@CMemAllocator@@UAGJPAU_AllocatorProperties@@0@Z 1000b550 f   strmbase:amfilter.obj
 0001:0000a660       ?SetSink@CBasePin@@UAGJPAUIQualityControl@@@Z 1000b660 f   strmbase:amfilter.obj
 0001:0000a690       ?SetSyncPoint@CMediaSample@@UAGJH@Z 1000b690 f   strmbase:amfilter.obj
 0001:0000a6c0       ?SetSyncSource@CBaseFilter@@UAGJPAUIReferenceClock@@@Z 1000b6c0 f   strmbase:amfilter.obj
 0001:0000a740       ?SetSyncSource@CBaseMediaFilter@@UAGJPAUIReferenceClock@@@Z 1000b740 f   strmbase:amfilter.obj
 0001:0000a7c0       ?SetTime@CMediaSample@@UAGJPA_J0@Z 1000b7c0 f   strmbase:amfilter.obj
 0001:0000a820       ?Skip@CEnumMediaTypes@@UAGJK@Z 1000b820 f   strmbase:amfilter.obj
 0001:0000a8c0       ?Skip@CEnumPins@@UAGJK@Z   1000b8c0 f   strmbase:amfilter.obj
 0001:0000a910       ?StartUsingOutputPin@CDynamicOutputPin@@UAEJXZ 1000b910 f   strmbase:amfilter.obj
 0001:0000a9f0       ?Stop@CBaseFilter@@UAGJXZ  1000b9f0 f   strmbase:amfilter.obj
 0001:0000aab0       ?Stop@CBaseMediaFilter@@UAGJXZ 1000bab0 f   strmbase:amfilter.obj
 0001:0000aae0       ?StopUsingOutputPin@CDynamicOutputPin@@UAEXXZ 1000bae0 f   strmbase:amfilter.obj
 0001:0000ab50       ?StreamTime@CBaseFilter@@UAEJAAVCRefTime@@@Z 1000bb50 f   strmbase:amfilter.obj
 0001:0000ab90       ?StreamTime@CBaseMediaFilter@@UAEJAAVCRefTime@@@Z 1000bb90 f   strmbase:amfilter.obj
 0001:0000abd0       ?StreamingThreadUsingOutputPin@CDynamicOutputPin@@UAE_NXZ 1000bbd0 f   strmbase:amfilter.obj
 0001:0000ac00       ?StringCchCopyW@@YGJPA_WIPB_W@Z 1000bc00 f i strmbase:amfilter.obj
 0001:0000ac70       ?SynchronousBlockOutputPin@CDynamicOutputPin@@IAEJXZ 1000bc70 f   strmbase:amfilter.obj
 0001:0000ad00       ?TryMediaTypes@CBasePin@@IAEJPAUIPin@@PBVCMediaType@@PAUIEnumMediaTypes@@@Z 1000bd00 f   strmbase:amfilter.obj
 0001:0000adf0       ?UnblockOutputPin@CDynamicOutputPin@@IAEJXZ 1000bdf0 f   strmbase:amfilter.obj
 0001:0000ae70       ?Unregister@CBaseFilter@@UAGJXZ 1000be70 f   strmbase:amfilter.obj
 0001:0000af00       ?WaitEvent@CDynamicOutputPin@@KAJPAX@Z 1000bf00 f   strmbase:amfilter.obj
 0001:0000af30       _AMovieSetupRegisterFilter@12 1000bf30 f   strmbase:amfilter.obj
 0001:0000b0a0       _CreatePosPassThru@16      1000c0a0 f   strmbase:amfilter.obj
 0001:0000b130       ??0CRenderedInputPin@@QAE@PBDPAVCBaseFilter@@PAVCCritSec@@PAJPB_W@Z 1000c130 f   strmbase:amextra.obj
 0001:0000b130       ??0CRenderedInputPin@@QAE@PB_WPAVCBaseFilter@@PAVCCritSec@@PAJ0@Z 1000c130 f   strmbase:amextra.obj
 0001:0000b190       ??_ECRenderedInputPin@@UAEPAXI@Z 1000c190 f i strmbase:amextra.obj
 0001:0000b190       ??_GCRenderedInputPin@@UAEPAXI@Z 1000c190 f i strmbase:amextra.obj
 0001:0000b1c0       ?Active@CRenderedInputPin@@UAEJXZ 1000c1c0 f   strmbase:amextra.obj
 0001:0000b1e0       ?DoCompleteHandling@CRenderedInputPin@@AAEXXZ 1000c1e0 f   strmbase:amextra.obj
 0001:0000b210       ?EndFlush@CRenderedInputPin@@UAGJXZ 1000c210 f   strmbase:amextra.obj
 0001:0000b290       ?EndOfStream@CRenderedInputPin@@UAGJXZ 1000c290 f   strmbase:amextra.obj
 0001:0000b2f0       ?Run@CRenderedInputPin@@UAEJ_J@Z 1000c2f0 f   strmbase:amextra.obj
 0001:0000b330       ??0CMediaType@@QAE@ABU_AMMediaType@@PAJ@Z 1000c330 f   strmbase:mtype.obj
 0001:0000b330       ??0CMediaType@@QAE@ABV0@PAJ@Z 1000c330 f   strmbase:mtype.obj
 0001:0000b360       ??0CMediaType@@QAE@PBU_GUID@@@Z 1000c360 f   strmbase:mtype.obj
 0001:0000b3a0       ??0CMediaType@@QAE@XZ      1000c3a0 f   strmbase:mtype.obj
 0001:0000b3d0       ??1CMediaType@@QAE@XZ      1000c3d0 f   strmbase:mtype.obj
 0001:0000b440       ??4CMediaType@@QAEAAV0@ABV0@@Z 1000c440 f   strmbase:mtype.obj
 0001:0000b440       ??4CMediaType@@QAEAAV0@ABU_AMMediaType@@@Z 1000c440 f   strmbase:mtype.obj
 0001:0000b490       ??8CMediaType@@QBEHABV0@@Z 1000c490 f   strmbase:mtype.obj
 0001:0000b570       ??9CMediaType@@QBEHABV0@@Z 1000c570 f   strmbase:mtype.obj
 0001:0000b650       ?AllocFormatBuffer@CMediaType@@QAEPAEK@Z 1000c650 f   strmbase:mtype.obj
 0001:0000b6b0       ?CopyMediaType@@YGJPAU_AMMediaType@@PBU1@@Z 1000c6b0 f   strmbase:mtype.obj
 0001:0000b730       ?CreateMediaType@@YGPAU_AMMediaType@@PBU1@@Z 1000c730 f   strmbase:mtype.obj
 0001:0000b770       ?DeleteMediaType@@YGXPAU_AMMediaType@@@Z 1000c770 f   strmbase:mtype.obj
 0001:0000b7c0       ?FreeMediaType@@YGXAAU_AMMediaType@@@Z 1000c7c0 f   strmbase:mtype.obj
 0001:0000b800       ?GetSampleSize@CMediaType@@QBEKXZ 1000c800 f   strmbase:mtype.obj
 0001:0000b810       ?InitMediaType@CMediaType@@QAEXXZ 1000c810 f   strmbase:mtype.obj
 0001:0000b830       ?IsPartiallySpecified@CMediaType@@QBEHXZ 1000c830 f   strmbase:mtype.obj
 0001:0000b890       ?IsValid@CMediaType@@QBEHXZ 1000c890 f   strmbase:mtype.obj
 0001:0000b8c0       ?MatchesPartial@CMediaType@@QBEHPBV1@@Z 1000c8c0 f   strmbase:mtype.obj
 0001:0000ba20       ?ReallocFormatBuffer@CMediaType@@QAEPAEK@Z 1000ca20 f   strmbase:mtype.obj
 0001:0000ba90       ?ResetFormatBuffer@CMediaType@@QAEXXZ 1000ca90 f   strmbase:mtype.obj
 0001:0000bac0       ?Set@CMediaType@@QAEJABV1@@Z 1000cac0 f   strmbase:mtype.obj
 0001:0000bac0       ?Set@CMediaType@@QAEJABU_AMMediaType@@@Z 1000cac0 f   strmbase:mtype.obj
 0001:0000bb20       ?SetFormat@CMediaType@@QAEHPAEK@Z 1000cb20 f   strmbase:mtype.obj
 0001:0000bba0       ?SetFormatType@CMediaType@@QAEXPBU_GUID@@@Z 1000cba0 f   strmbase:mtype.obj
 0001:0000bbc0       ?SetSampleSize@CMediaType@@QAEXK@Z 1000cbc0 f   strmbase:mtype.obj
 0001:0000bbe0       ?SetSubtype@CMediaType@@QAEXPBU_GUID@@@Z 1000cbe0 f   strmbase:mtype.obj
 0001:0000bc00       ?SetTemporalCompression@CMediaType@@QAEXH@Z 1000cc00 f   strmbase:mtype.obj
 0001:0000bc10       ?SetType@CMediaType@@QAEXPBU_GUID@@@Z 1000cc10 f   strmbase:mtype.obj
 0001:0000bc20       ?SetVariableSize@CMediaType@@QAEXXZ 1000cc20 f   strmbase:mtype.obj
 0001:0000bc30       _CreateAudioMediaType@12   1000cc30 f   strmbase:mtype.obj
 0001:0000bd10       _timeGetTime@0             1000cd10 f   winmm:WINMM.dll
 0001:0000bd16       _timeSetEvent@20           1000cd16 f   winmm:WINMM.dll
 0001:0000bd1c       ___CxxFrameHandler3        1000cd1c f   vcruntime:VCRUNTIME140.dll
 0001:0000bd22       ___std_terminate           1000cd22 f   vcruntime:VCRUNTIME140.dll
 0001:0000bd28       _wcschr                    1000cd28 f   vcruntime:VCRUNTIME140.dll
 0001:0000bd2e       _memcpy                    1000cd2e f   vcruntime:VCRUNTIME140.dll
 0001:0000bd34       _memset                    1000cd34 f   vcruntime:VCRUNTIME140.dll
 0001:0000bd3a       __purecall                 1000cd3a f   vcruntime:VCRUNTIME140.dll
 0001:0000bd40       _wcsncmp                   1000cd40 f   ucrt:api-ms-win-crt-string-l1-1-0.dll
 0001:0000bd46       _free                      1000cd46 f   ucrt:api-ms-win-crt-heap-l1-1-0.dll
 0001:0000bd4c       _malloc                    1000cd4c f   ucrt:api-ms-win-crt-heap-l1-1-0.dll
 0001:0000bd52       _wcstol                    1000cd52 f   ucrt:api-ms-win-crt-convert-l1-1-0.dll
 0001:0000bd58       _fclose                    1000cd58 f   ucrt:api-ms-win-crt-stdio-l1-1-0.dll
 0001:0000bd5e       _fopen                     1000cd5e f   ucrt:api-ms-win-crt-stdio-l1-1-0.dll
 0001:0000bd64       ___stdio_common_vfprintf   1000cd64 f   ucrt:api-ms-win-crt-stdio-l1-1-0.dll
 0001:0000bd6a       ___stdio_common_vsprintf   1000cd6a f   ucrt:api-ms-win-crt-stdio-l1-1-0.dll
 0001:0000bd70       __localtime64              1000cd70 f   ucrt:api-ms-win-crt-time-l1-1-0.dll
 0001:0000bd76       __time64                   1000cd76 f   ucrt:api-ms-win-crt-time-l1-1-0.dll
 0001:0000bd7c       ___stdio_common_vswprintf  1000cd7c f   ucrt:api-ms-win-crt-stdio-l1-1-0.dll
 0001:0000bd82       ??2@YAPAXI@Z               1000cd82 f   msvcrt:new_scalar.obj
 0001:0000bdb2       ??3@YAXPAXI@Z              1000cdb2 f   msvcrt:delete_scalar_size.obj
 0001:0000bdc0       ??_U@YAPAXI@Z              1000cdc0 f   msvcrt:new_array.obj
 0001:0000bdc9       @__security_check_cookie@4 1000cdc9 f   msvcrt:_secchk_.obj
 0001:0000bdda       ??_V@YAXPAX@Z              1000cdda f   msvcrt:delete_array.obj
 0001:0000bde0       __alldiv                   1000cde0 f   msvcrt:lldiv.obj
 0001:0000be90       __allrem                   1000ce90 f   msvcrt:llrem.obj
 0001:0000bf42       ??1type_info@@UAE@XZ       1000cf42 f   msvcrt:std_type_info_static.obj
 0001:0000bf49       ??_Gtype_info@@UAEPAXI@Z   1000cf49 f i msvcrt:std_type_info_static.obj
 0001:0000bf49       ??_Etype_info@@UAEPAXI@Z   1000cf49 f i msvcrt:std_type_info_static.obj
 0001:0000bfbb       ___security_init_cookie    1000cfbb f   msvcrt:gs_support.obj
 0001:0000c006       ??0bad_alloc@std@@AAE@QBD@Z 1000d006 f i msvcrt:throw_bad_alloc.obj
 0001:0000c023       ??0bad_alloc@std@@QAE@ABV01@@Z 1000d023 f i msvcrt:throw_bad_alloc.obj
 0001:0000c03e       ??0bad_alloc@std@@QAE@XZ   1000d03e f i msvcrt:throw_bad_alloc.obj
 0001:0000c056       ??0bad_array_new_length@std@@QAE@ABV01@@Z 1000d056 f i msvcrt:throw_bad_alloc.obj
 0001:0000c071       ??0bad_array_new_length@std@@QAE@XZ 1000d071 f i msvcrt:throw_bad_alloc.obj
 0001:0000c089       ??0exception@std@@QAE@ABV01@@Z 1000d089 f i msvcrt:throw_bad_alloc.obj
 0001:0000c0b5       ??0exception@std@@QAE@QBDH@Z 1000d0b5 f i msvcrt:throw_bad_alloc.obj
 0001:0000c0d2       ??1exception@std@@UAE@XZ   1000d0d2 f i msvcrt:throw_bad_alloc.obj
 0001:0000c0d2       ??1bad_alloc@std@@UAE@XZ   1000d0d2 f i msvcrt:throw_bad_alloc.obj
 0001:0000c0d2       ??1bad_array_new_length@std@@UAE@XZ 1000d0d2 f i msvcrt:throw_bad_alloc.obj
 0001:0000c0e3       ??_Gbad_array_new_length@std@@UAEPAXI@Z 1000d0e3 f i msvcrt:throw_bad_alloc.obj
 0001:0000c0e3       ??_Gbad_alloc@std@@UAEPAXI@Z 1000d0e3 f i msvcrt:throw_bad_alloc.obj
 0001:0000c0e3       ??_Gexception@std@@UAEPAXI@Z 1000d0e3 f i msvcrt:throw_bad_alloc.obj
 0001:0000c0e3       ??_Eexception@std@@UAEPAXI@Z 1000d0e3 f i msvcrt:throw_bad_alloc.obj
 0001:0000c0e3       ??_Ebad_alloc@std@@UAEPAXI@Z 1000d0e3 f i msvcrt:throw_bad_alloc.obj
 0001:0000c0e3       ??_Ebad_array_new_length@std@@UAEPAXI@Z 1000d0e3 f i msvcrt:throw_bad_alloc.obj
 0001:0000c110       ?__scrt_throw_std_bad_alloc@@YAXXZ 1000d110 f   msvcrt:throw_bad_alloc.obj
 0001:0000c12d       ?__scrt_throw_std_bad_array_new_length@@YAXXZ 1000d12d f   msvcrt:throw_bad_alloc.obj
 0001:0000c14a       ?what@exception@std@@UBEPBDXZ 1000d14a f i msvcrt:throw_bad_alloc.obj
 0001:0000c157       ??3@YAXPAX@Z               1000d157 f   msvcrt:delete_scalar.obj
 0001:0000c15c       ___raise_securityfailure   1000d15c f   msvcrt:gs_report.obj
 0001:0000c184       ___report_gsfailure        1000d184 f   msvcrt:gs_report.obj
 0001:0000c27f       ___report_rangecheckfailure 1000d27f f   msvcrt:gs_report.obj
 0001:0000c28b       ___report_securityfailure  1000d28b f   msvcrt:gs_report.obj
 0001:0000c35b       ___report_securityfailureEx 1000d35b f   msvcrt:gs_report.obj
 0001:0000c471       _closesocket@4             1000d471 f   wsock32:WSOCK32.dll
 0001:0000c477       _connect@12                1000d477 f   wsock32:WSOCK32.dll
 0001:0000c47d       _htons@4                   1000d47d f   wsock32:WSOCK32.dll
 0001:0000c483       _recv@16                   1000d483 f   wsock32:WSOCK32.dll
 0001:0000c489       _send@16                   1000d489 f   wsock32:WSOCK32.dll
 0001:0000c48f       _setsockopt@20             1000d48f f   wsock32:WSOCK32.dll
 0001:0000c495       _socket@12                 1000d495 f   wsock32:WSOCK32.dll
 0001:0000c49b       _gethostbyname@4           1000d49b f   wsock32:WSOCK32.dll
 0001:0000c4a1       _WSAStartup@8              1000d4a1 f   wsock32:WSOCK32.dll
 0001:0000c4a7       _WSACleanup@0              1000d4a7 f   wsock32:WSOCK32.dll
 0001:0000c4ad       _CreateThread@24           1000d4ad f   kernel32:KERNEL32.dll
 0001:0000c4b3       _GetLastError@0            1000d4b3 f   kernel32:KERNEL32.dll
 0001:0000c4b9       _InitializeCriticalSection@4 1000d4b9 f   kernel32:KERNEL32.dll
 0001:0000c4bf       _EnterCriticalSection@4    1000d4bf f   kernel32:KERNEL32.dll
 0001:0000c4c5       _LeaveCriticalSection@4    1000d4c5 f   kernel32:KERNEL32.dll
 0001:0000c4cb       _DeleteCriticalSection@4   1000d4cb f   kernel32:KERNEL32.dll
 0001:0000c4d1       _SetEvent@4                1000d4d1 f   kernel32:KERNEL32.dll
 0001:0000c4d7       _ResetEvent@4              1000d4d7 f   kernel32:KERNEL32.dll
 0001:0000c4dd       _WaitForSingleObject@8     1000d4dd f   kernel32:KERNEL32.dll
 0001:0000c4e3       _WaitForMultipleObjects@16 1000d4e3 f   kernel32:KERNEL32.dll
 0001:0000c4e9       _WriteFile@20              1000d4e9 f   kernel32:KERNEL32.dll
 0001:0000c4ef       _CloseHandle@4             1000d4ef f   kernel32:KERNEL32.dll
 0001:0000c4f5       _GetCurrentThread@0        1000d4f5 f   kernel32:KERNEL32.dll
 0001:0000c4fb       _SetThreadPriority@8       1000d4fb f   kernel32:KERNEL32.dll
 0001:0000c501       _Sleep@4                   1000d501 f   kernel32:KERNEL32.dll
 0001:0000c507       _GetFileSize@8             1000d507 f   kernel32:KERNEL32.dll
 0001:0000c50d       _ReadFile@20               1000d50d f   kernel32:KERNEL32.dll
 0001:0000c513       _SetEndOfFile@4            1000d513 f   kernel32:KERNEL32.dll
 0001:0000c519       _SetFilePointer@16         1000d519 f   kernel32:KERNEL32.dll
 0001:0000c51f       _lstrcpyW@8                1000d51f f   kernel32:KERNEL32.dll
 0001:0000c525       _lstrlenW@4                1000d525 f   kernel32:KERNEL32.dll
 0001:0000c52b       _CreateFileW@28            1000d52b f   kernel32:KERNEL32.dll
 0001:0000c531       _GetACP@0                  1000d531 f   kernel32:KERNEL32.dll
 0001:0000c537       _WideCharToMultiByte@32    1000d537 f   kernel32:KERNEL32.dll
 0001:0000c53d       _InterlockedDecrement@4    1000d53d f   kernel32:KERNEL32.dll
 0001:0000c543       _DisableThreadLibraryCalls@4 1000d543 f   kernel32:KERNEL32.dll
 0001:0000c549       _GetVersionExW@4           1000d549 f   kernel32:KERNEL32.dll
 0001:0000c54f       _InterlockedExchange@8     1000d54f f   kernel32:KERNEL32.dll
 0001:0000c555       _GetProcAddress@8          1000d555 f   kernel32:KERNEL32.dll
 0001:0000c55b       _GetCurrentThreadId@0      1000d55b f   kernel32:KERNEL32.dll
 0001:0000c561       _GetThreadPriority@4       1000d561 f   kernel32:KERNEL32.dll
 0001:0000c567       _GetTickCount@0            1000d567 f   kernel32:KERNEL32.dll
 0001:0000c56d       _CreateEventW@16           1000d56d f   kernel32:KERNEL32.dll
 0001:0000c573       _CreateSemaphoreW@16       1000d573 f   kernel32:KERNEL32.dll
 0001:0000c579       _GetModuleHandleW@4        1000d579 f   kernel32:KERNEL32.dll
 0001:0000c57f       _InterlockedIncrement@4    1000d57f f   kernel32:KERNEL32.dll
 0001:0000c585       _FreeLibrary@4             1000d585 f   kernel32:KERNEL32.dll
 0001:0000c58b       _LoadLibraryW@4            1000d58b f   kernel32:KERNEL32.dll
 0001:0000c591       _lstrlenA@4                1000d591 f   kernel32:KERNEL32.dll
 0001:0000c597       _GetModuleFileNameA@12     1000d597 f   kernel32:KERNEL32.dll
 0001:0000c59d       _MultiByteToWideChar@24    1000d59d f   kernel32:KERNEL32.dll
 0001:0000c5a3       _VirtualAlloc@16           1000d5a3 f   kernel32:KERNEL32.dll
 0001:0000c5a9       _VirtualFree@12            1000d5a9 f   kernel32:KERNEL32.dll
 0001:0000c5af       _GetCurrentProcess@0       1000d5af f   kernel32:KERNEL32.dll
 0001:0000c5b5       _ReleaseSemaphore@12       1000d5b5 f   kernel32:KERNEL32.dll
 0001:0000c5bb       _DuplicateHandle@28        1000d5bb f   kernel32:KERNEL32.dll
 0001:0000c5c1       _GetSystemInfo@4           1000d5c1 f   kernel32:KERNEL32.dll
 0001:0000c5c7       _lstrcmpW@8                1000d5c7 f   kernel32:KERNEL32.dll
 0001:0000c5cd       _QueryPerformanceCounter@4 1000d5cd f   kernel32:KERNEL32.dll
 0001:0000c5d3       _GetCurrentProcessId@0     1000d5d3 f   kernel32:KERNEL32.dll
 0001:0000c5d9       _GetSystemTimeAsFileTime@4 1000d5d9 f   kernel32:KERNEL32.dll
 0001:0000c5df       _UnhandledExceptionFilter@4 1000d5df f   kernel32:KERNEL32.dll
 0001:0000c5e5       _SetUnhandledExceptionFilter@4 1000d5e5 f   kernel32:KERNEL32.dll
 0001:0000c5eb       _TerminateProcess@8        1000d5eb f   kernel32:KERNEL32.dll
 0001:0000c5f1       _IsProcessorFeaturePresent@4 1000d5f1 f   kernel32:KERNEL32.dll
 0001:0000c5f7       _RegisterWindowMessageW@4  1000d5f7 f   user32:USER32.dll
 0001:0000c5fd       _DispatchMessageW@4        1000d5fd f   user32:USER32.dll
 0001:0000c603       _PeekMessageW@20           1000d603 f   user32:USER32.dll
 0001:0000c609       _PostThreadMessageW@16     1000d609 f   user32:USER32.dll
 0001:0000c60f       _GetQueueStatus@4          1000d60f f   user32:USER32.dll
 0001:0000c615       _MsgWaitForMultipleObjects@20 1000d615 f   user32:USER32.dll
 0001:0000c61b       _RegCloseKey@4             1000d61b f   advapi32:ADVAPI32.dll
 0001:0000c621       _RegOpenKeyExA@20          1000d621 f   advapi32:ADVAPI32.dll
 0001:0000c627       _RegQueryValueExA@24       1000d627 f   advapi32:ADVAPI32.dll
 0001:0000c62d       _RegCreateKeyW@12          1000d62d f   advapi32:ADVAPI32.dll
 0001:0000c633       _RegDeleteKeyW@8           1000d633 f   advapi32:ADVAPI32.dll
 0001:0000c639       _RegEnumKeyExW@32          1000d639 f   advapi32:ADVAPI32.dll
 0001:0000c63f       _RegOpenKeyExW@20          1000d63f f   advapi32:ADVAPI32.dll
 0001:0000c645       _RegSetValueW@20           1000d645 f   advapi32:ADVAPI32.dll
 0001:0000c64b       _RegSetValueExW@24         1000d64b f   advapi32:ADVAPI32.dll
 0001:0000c651       _CoTaskMemAlloc@4          1000d651 f   ole32:ole32.dll
 0001:0000c657       _CoInitialize@4            1000d657 f   ole32:ole32.dll
 0001:0000c65d       _CoUninitialize@0          1000d65d f   ole32:ole32.dll
 0001:0000c663       _CoFreeUnusedLibraries@0   1000d663 f   ole32:ole32.dll
 0001:0000c669       _CoCreateInstance@20       1000d669 f   ole32:ole32.dll
 0001:0000c66f       _StringFromGUID2@12        1000d66f f   ole32:ole32.dll
 0001:0000c675       _CoTaskMemFree@4           1000d675 f   ole32:ole32.dll
 0001:0000c67b       _SysAllocString@4          1000d67b f   oleaut32:OLEAUT32.dll
 0001:0000c681       _SysFreeString@4           1000d681 f   oleaut32:OLEAUT32.dll
 0001:0000c687       ___std_exception_copy      1000d687 f   vcruntime:VCRUNTIME140.dll
 0001:0000c68d       ___std_exception_destroy   1000d68d f   vcruntime:VCRUNTIME140.dll
 0001:0000c693       __CxxThrowException@8      1000d693 f   vcruntime:VCRUNTIME140.dll
 0001:0000c699       __callnewh                 1000d699 f   ucrt:api-ms-win-crt-heap-l1-1-0.dll
 0001:0000c69f       _ReadNoFence               1000d69f f i msvcrt:guard_support.obj
 0001:0000c69f       _ReadPointerNoFence        1000d69f f i msvcrt:guard_support.obj
 0001:0000c6a9       __guard_icall_checks_enforced 1000d6a9 f i msvcrt:guard_support.obj
 0002:00000000       __imp__RegCloseKey@4       1000e000     advapi32:ADVAPI32.dll
 0002:00000004       __imp__RegQueryValueExA@24 1000e004     advapi32:ADVAPI32.dll
 0002:00000008       __imp__RegCreateKeyW@12    1000e008     advapi32:ADVAPI32.dll
 0002:0000000c       __imp__RegDeleteKeyW@8     1000e00c     advapi32:ADVAPI32.dll
 0002:00000010       __imp__RegEnumKeyExW@32    1000e010     advapi32:ADVAPI32.dll
 0002:00000014       __imp__RegOpenKeyExW@20    1000e014     advapi32:ADVAPI32.dll
 0002:00000018       __imp__RegSetValueW@20     1000e018     advapi32:ADVAPI32.dll
 0002:0000001c       __imp__RegSetValueExW@24   1000e01c     advapi32:ADVAPI32.dll
 0002:00000020       __imp__RegOpenKeyExA@20    1000e020     advapi32:ADVAPI32.dll
 0002:00000024       \177ADVAPI32_NULL_THUNK_DATA 1000e024     advapi32:ADVAPI32.dll
 0002:00000028       __imp__GetModuleFileNameA@12 1000e028     kernel32:KERNEL32.dll
 0002:0000002c       __imp__VirtualFree@12      1000e02c     kernel32:KERNEL32.dll
 0002:00000030       __imp__LoadLibraryW@4      1000e030     kernel32:KERNEL32.dll
 0002:00000034       __imp__FreeLibrary@4       1000e034     kernel32:KERNEL32.dll
 0002:00000038       __imp__MultiByteToWideChar@24 1000e038     kernel32:KERNEL32.dll
 0002:0000003c       __imp__VirtualAlloc@16     1000e03c     kernel32:KERNEL32.dll
 0002:00000040       __imp__GetCurrentProcess@0 1000e040     kernel32:KERNEL32.dll
 0002:00000044       __imp__ReleaseSemaphore@12 1000e044     kernel32:KERNEL32.dll
 0002:00000048       __imp__DuplicateHandle@28  1000e048     kernel32:KERNEL32.dll
 0002:0000004c       __imp__GetSystemInfo@4     1000e04c     kernel32:KERNEL32.dll
 0002:00000050       __imp__lstrcmpW@8          1000e050     kernel32:KERNEL32.dll
 0002:00000054       __imp__QueryPerformanceCounter@4 1000e054     kernel32:KERNEL32.dll
 0002:00000058       __imp__GetCurrentProcessId@0 1000e058     kernel32:KERNEL32.dll
 0002:0000005c       __imp__lstrlenA@4          1000e05c     kernel32:KERNEL32.dll
 0002:00000060       __imp__DisableThreadLibraryCalls@4 1000e060     kernel32:KERNEL32.dll
 0002:00000064       __imp__InterlockedIncrement@4 1000e064     kernel32:KERNEL32.dll
 0002:00000068       __imp__GetModuleHandleW@4  1000e068     kernel32:KERNEL32.dll
 0002:0000006c       __imp__CreateSemaphoreW@16 1000e06c     kernel32:KERNEL32.dll
 0002:00000070       __imp__CreateEventW@16     1000e070     kernel32:KERNEL32.dll
 0002:00000074       __imp__GetTickCount@0      1000e074     kernel32:KERNEL32.dll
 0002:00000078       __imp__GetThreadPriority@4 1000e078     kernel32:KERNEL32.dll
 0002:0000007c       __imp__GetCurrentThreadId@0 1000e07c     kernel32:KERNEL32.dll
 0002:00000080       __imp__GetProcAddress@8    1000e080     kernel32:KERNEL32.dll
 0002:00000084       __imp__IsProcessorFeaturePresent@4 1000e084     kernel32:KERNEL32.dll
 0002:00000088       __imp__TerminateProcess@8  1000e088     kernel32:KERNEL32.dll
 0002:0000008c       __imp__SetUnhandledExceptionFilter@4 1000e08c     kernel32:KERNEL32.dll
 0002:00000090       __imp__UnhandledExceptionFilter@4 1000e090     kernel32:KERNEL32.dll
 0002:00000094       __imp__CreateThread@24     1000e094     kernel32:KERNEL32.dll
 0002:00000098       __imp__GetLastError@0      1000e098     kernel32:KERNEL32.dll
 0002:0000009c       __imp__InitializeCriticalSection@4 1000e09c     kernel32:KERNEL32.dll
 0002:000000a0       __imp__EnterCriticalSection@4 1000e0a0     kernel32:KERNEL32.dll
 0002:000000a4       __imp__LeaveCriticalSection@4 1000e0a4     kernel32:KERNEL32.dll
 0002:000000a8       __imp__DeleteCriticalSection@4 1000e0a8     kernel32:KERNEL32.dll
 0002:000000ac       __imp__SetEvent@4          1000e0ac     kernel32:KERNEL32.dll
 0002:000000b0       __imp__ResetEvent@4        1000e0b0     kernel32:KERNEL32.dll
 0002:000000b4       __imp__WaitForSingleObject@8 1000e0b4     kernel32:KERNEL32.dll
 0002:000000b8       __imp__WaitForMultipleObjects@16 1000e0b8     kernel32:KERNEL32.dll
 0002:000000bc       __imp__WriteFile@20        1000e0bc     kernel32:KERNEL32.dll
 0002:000000c0       __imp__CloseHandle@4       1000e0c0     kernel32:KERNEL32.dll
 0002:000000c4       __imp__GetCurrentThread@0  1000e0c4     kernel32:KERNEL32.dll
 0002:000000c8       __imp__SetThreadPriority@8 1000e0c8     kernel32:KERNEL32.dll
 0002:000000cc       __imp__Sleep@4             1000e0cc     kernel32:KERNEL32.dll
 0002:000000d0       __imp__GetFileSize@8       1000e0d0     kernel32:KERNEL32.dll
 0002:000000d4       __imp__ReadFile@20         1000e0d4     kernel32:KERNEL32.dll
 0002:000000d8       __imp__SetEndOfFile@4      1000e0d8     kernel32:KERNEL32.dll
 0002:000000dc       __imp__SetFilePointer@16   1000e0dc     kernel32:KERNEL32.dll
 0002:000000e0       __imp__lstrcpyW@8          1000e0e0     kernel32:KERNEL32.dll
 0002:000000e4       __imp__lstrlenW@4          1000e0e4     kernel32:KERNEL32.dll
 0002:000000e8       __imp__CreateFileW@28      1000e0e8     kernel32:KERNEL32.dll
 0002:000000ec       __imp__GetACP@0            1000e0ec     kernel32:KERNEL32.dll
 0002:000000f0       __imp__WideCharToMultiByte@32 1000e0f0     kernel32:KERNEL32.dll
 0002:000000f4       __imp__InterlockedDecrement@4 1000e0f4     kernel32:KERNEL32.dll
 0002:000000f8       __imp__InterlockedExchange@8 1000e0f8     kernel32:KERNEL32.dll
 0002:000000fc       __imp__GetVersionExW@4     1000e0fc     kernel32:KERNEL32.dll
 0002:00000100       __imp__GetSystemTimeAsFileTime@4 1000e100     kernel32:KERNEL32.dll
 0002:00000104       \177KERNEL32_NULL_THUNK_DATA 1000e104     kernel32:KERNEL32.dll
 0002:00000108       __imp__SysAllocString@4    1000e108     oleaut32:OLEAUT32.dll
 0002:0000010c       __imp__SysFreeString@4     1000e10c     oleaut32:OLEAUT32.dll
 0002:00000110       \177OLEAUT32_NULL_THUNK_DATA 1000e110     oleaut32:OLEAUT32.dll
 0002:00000114       __imp__PeekMessageW@20     1000e114     user32:USER32.dll
 0002:00000118       __imp__MsgWaitForMultipleObjects@20 1000e118     user32:USER32.dll
 0002:0000011c       __imp__GetQueueStatus@4    1000e11c     user32:USER32.dll
 0002:00000120       __imp__DispatchMessageW@4  1000e120     user32:USER32.dll
 0002:00000124       __imp__RegisterWindowMessageW@4 1000e124     user32:USER32.dll
 0002:00000128       __imp__PostThreadMessageW@16 1000e128     user32:USER32.dll
 0002:0000012c       \177USER32_NULL_THUNK_DATA 1000e12c     user32:USER32.dll
 0002:00000130       __imp____std_exception_copy 1000e130     vcruntime:VCRUNTIME140.dll
 0002:00000134       __imp____std_exception_destroy 1000e134     vcruntime:VCRUNTIME140.dll
 0002:00000138       __imp___CxxThrowException@8 1000e138     vcruntime:VCRUNTIME140.dll
 0002:0000013c       __imp___purecall           1000e13c     vcruntime:VCRUNTIME140.dll
 0002:00000140       __imp__memset              1000e140     vcruntime:VCRUNTIME140.dll
 0002:00000144       __imp__memcpy              1000e144     vcruntime:VCRUNTIME140.dll
 0002:00000148       __imp__wcschr              1000e148     vcruntime:VCRUNTIME140.dll
 0002:0000014c       __imp____std_terminate     1000e14c     vcruntime:VCRUNTIME140.dll
 0002:00000150       __imp____CxxFrameHandler3  1000e150     vcruntime:VCRUNTIME140.dll
 0002:00000154       \177VCRUNTIME140_NULL_THUNK_DATA 1000e154     vcruntime:VCRUNTIME140.dll
 0002:00000158       __imp__timeGetTime@0       1000e158     winmm:WINMM.dll
 0002:0000015c       __imp__timeSetEvent@20     1000e15c     winmm:WINMM.dll
 0002:00000160       \177WINMM_NULL_THUNK_DATA  1000e160     winmm:WINMM.dll
 0002:00000164       __imp__WSACleanup@0        1000e164     wsock32:WSOCK32.dll
 0002:00000168       __imp__WSAStartup@8        1000e168     wsock32:WSOCK32.dll
 0002:0000016c       __imp__gethostbyname@4     1000e16c     wsock32:WSOCK32.dll
 0002:00000170       __imp__socket@12           1000e170     wsock32:WSOCK32.dll
 0002:00000174       __imp__setsockopt@20       1000e174     wsock32:WSOCK32.dll
 0002:00000178       __imp__send@16             1000e178     wsock32:WSOCK32.dll
 0002:0000017c       __imp__recv@16             1000e17c     wsock32:WSOCK32.dll
 0002:00000180       __imp__closesocket@4       1000e180     wsock32:WSOCK32.dll
 0002:00000184       __imp__connect@12          1000e184     wsock32:WSOCK32.dll
 0002:00000188       __imp__htons@4             1000e188     wsock32:WSOCK32.dll
 0002:0000018c       \177WSOCK32_NULL_THUNK_DATA 1000e18c     wsock32:WSOCK32.dll
 0002:00000190       __imp__wcstol              1000e190     ucrt:api-ms-win-crt-convert-l1-1-0.dll
 0002:00000194       \177api-ms-win-crt-convert-l1-1-0_NULL_THUNK_DATA 1000e194     ucrt:api-ms-win-crt-convert-l1-1-0.dll
 0002:00000198       __imp__malloc              1000e198     ucrt:api-ms-win-crt-heap-l1-1-0.dll
 0002:0000019c       __imp__free                1000e19c     ucrt:api-ms-win-crt-heap-l1-1-0.dll
 0002:000001a0       __imp___callnewh           1000e1a0     ucrt:api-ms-win-crt-heap-l1-1-0.dll
 0002:000001a4       \177api-ms-win-crt-heap-l1-1-0_NULL_THUNK_DATA 1000e1a4     ucrt:api-ms-win-crt-heap-l1-1-0.dll
 0002:000001a8       __imp____stdio_common_vsprintf 1000e1a8     ucrt:api-ms-win-crt-stdio-l1-1-0.dll
 0002:000001ac       __imp____stdio_common_vfprintf 1000e1ac     ucrt:api-ms-win-crt-stdio-l1-1-0.dll
 0002:000001b0       __imp__fopen               1000e1b0     ucrt:api-ms-win-crt-stdio-l1-1-0.dll
 0002:000001b4       __imp____stdio_common_vswprintf 1000e1b4     ucrt:api-ms-win-crt-stdio-l1-1-0.dll
 0002:000001b8       __imp__fclose              1000e1b8     ucrt:api-ms-win-crt-stdio-l1-1-0.dll
 0002:000001bc       \177api-ms-win-crt-stdio-l1-1-0_NULL_THUNK_DATA 1000e1bc     ucrt:api-ms-win-crt-stdio-l1-1-0.dll
 0002:000001c0       __imp__wcsncmp             1000e1c0     ucrt:api-ms-win-crt-string-l1-1-0.dll
 0002:000001c4       \177api-ms-win-crt-string-l1-1-0_NULL_THUNK_DATA 1000e1c4     ucrt:api-ms-win-crt-string-l1-1-0.dll
 0002:000001c8       __imp___time64             1000e1c8     ucrt:api-ms-win-crt-time-l1-1-0.dll
 0002:000001cc       __imp___localtime64        1000e1cc     ucrt:api-ms-win-crt-time-l1-1-0.dll
 0002:000001d0       \177api-ms-win-crt-time-l1-1-0_NULL_THUNK_DATA 1000e1d0     ucrt:api-ms-win-crt-time-l1-1-0.dll
 0002:000001d4       __imp__CoTaskMemFree@4     1000e1d4     ole32:ole32.dll
 0002:000001d8       __imp__CoCreateInstance@20 1000e1d8     ole32:ole32.dll
 0002:000001dc       __imp__CoFreeUnusedLibraries@0 1000e1dc     ole32:ole32.dll
 0002:000001e0       __imp__CoUninitialize@0    1000e1e0     ole32:ole32.dll
 0002:000001e4       __imp__CoInitialize@4      1000e1e4     ole32:ole32.dll
 0002:000001e8       __imp__CoTaskMemAlloc@4    1000e1e8     ole32:ole32.dll
 0002:000001ec       __imp__StringFromGUID2@12  1000e1ec     ole32:ole32.dll
 0002:000001f0       \177ole32_NULL_THUNK_DATA  1000e1f0     ole32:ole32.dll
 0002:000001f4       ___guard_check_icall_fptr  1000e1f4     msvcrt:guard_support.obj
 0002:00000200       _IID_IAMFilterGraphCallback 1000e200     AsyncIO.obj
 0002:00000210       _IID_IMpegMux              1000e210     MPEG2Dump.obj
 0002:00000220       _CLSID_MPEG2Dump           1000e220     MPEG2Dump.obj
 0002:00000274       ??_C@_1M@PFCMLKBL@?$AAI?$AAn?$AAp?$AAu?$AAt?$AA?$AA@ 1000e274     MPEG2Dump.obj
 0002:00000280       ??_C@_1O@GJMACMBA@?$AAO?$AAu?$AAt?$AAp?$AAu?$AAt?$AA?$AA@ 1000e280     MPEG2Dump.obj
 0002:00000290       ??_C@_1BE@MDFILEMB@?$AAM?$AAP?$AAE?$AAG?$AA2?$AAD?$AAu?$AAm?$AAp?$AA?$AA@ 1000e290     MPEG2Dump.obj
 0002:000002a8       ??_7CMPEG2DumpFilter@@6BCUnknown@@@ 1000e2a8     MPEG2Dump.obj
 0002:000002d0       ??_7CMPEG2DumpFilter@@6BIBaseFilter@@@ 1000e2d0     MPEG2Dump.obj
 0002:00000310       ??_7CMPEG2DumpFilter@@6BIAMovieSetup@@@ 1000e310     MPEG2Dump.obj
 0002:00000328       ??_7CDumpInputPin@@6BCUnknown@@@ 1000e328     MPEG2Dump.obj
 0002:00000368       ??_7CDumpInputPin@@6BIPin@@@ 1000e368     MPEG2Dump.obj
 0002:000003b4       ??_7CDumpInputPin@@6BIQualityControl@@@ 1000e3b4     MPEG2Dump.obj
 0002:000003cc       ??_7CDumpInputPin@@6B@     1000e3cc     MPEG2Dump.obj
 0002:000003f4       ??_7CMPEG2Dump@@6BCUnknown@@@ 1000e3f4     MPEG2Dump.obj
 0002:00000408       ??_7CMPEG2Dump@@6BIFileSinkFilter@@@ 1000e408     MPEG2Dump.obj
 0002:00000420       ??_7CMPEG2Dump@@6BIMpegMux@@@ 1000e420     MPEG2Dump.obj
 0002:00000440       ??_7CMPEG2Dump@@6BIStream@@@ 1000e440     MPEG2Dump.obj
 0002:00000478       ??_C@_01MCMALHOG@a?$AA@    1000e478     MPEG2Dump.obj
 0002:0000047c       ??_C@_0BO@BHAGAGIM@?$CF02d?1?$CF02d?1?$CFd?5?$CF02d?3?$CF02d?3?$CF02d?5?5?$AA@ 1000e47c     MPEG2Dump.obj
 0002:0000049c       ??_C@_01KDCPPGHE@r?$AA@    1000e49c     MPEG2Dump.obj
 0002:000004a0       ??_C@_0BF@JEDPJMCE@MPEG2Dump_LOG?4ENABLE?$AA@ 1000e4a0     MPEG2Dump.obj
 0002:000004b8       ??_C@_0DE@CLDBAMED@SOFTWARE?2Frey?5Technologies?2Commo@ 1000e4b8     MPEG2Dump.obj
 0002:000004ec       ??_C@_0BG@NMJIPPGI@BoostThreadPriorities?$AA@ 1000e4ec     MPEG2Dump.obj
 0002:00000504       ??_C@_0BF@HPLHHPHH@OptimizeNetTransfers?$AA@ 1000e504     MPEG2Dump.obj
 0002:0000051c       ??_C@_0L@NENEEBIN@BufferSize?$AA@ 1000e51c     MPEG2Dump.obj
 0002:00000528       ??_C@_0CB@JIIIANOO@Dmup?5is?5running?4?5buffer?5size?3?$CFd?6@ 1000e528     MPEG2Dump.obj
 0002:0000054c       ??_C@_0O@HHICAKO@MPEG2Dump?4LOG?$AA@ 1000e54c     MPEG2Dump.obj
 0002:0000055c       ??_C@_1O@HOPHBIMM@?$AAs?$AAt?$AAv?$AA?3?$AA?1?$AA?1?$AA?$AA@ 1000e55c     MPEG2Dump.obj
 0002:0000056c       ??_C@_0O@BGMPNJFL@Dmup?5file?3?$CFs?6?$AA@ 1000e56c     MPEG2Dump.obj
 0002:0000057c       ??_C@_0BH@EKALCOMD@Dmup?5file?3?$CFs?5hr?$DN0x?$CFx?5?6?$AA@ 1000e57c     MPEG2Dump.obj
 0002:00000594       ??_C@_0BI@MNBCLDJI@Dmup?5file?3?$CFs?5hr?$DN0x?$CFx?5?5?6?$AA@ 1000e594     MPEG2Dump.obj
 0002:000005b0       ??_C@_0ED@MPDEKBGO@Total?5request?5num?3?$CFd?0?5peak?5buffe@ 1000e5b0     MPEG2Dump.obj
 0002:000005f4       ??_C@_0DD@JHPMLMFH@Data?5droped?5due?5to?5buffer?5maxuim@ 1000e5f4     MPEG2Dump.obj
 0002:00000628       ??_C@_0O@LOHDBAJE@WRITE?5?$CFs?5?$CFd?$AN?6?$AA@ 1000e628     MPEG2Dump.obj
 0002:00000638       ??_C@_0BB@LCECHIL@ForceCleanUp?5?$CFd?6?$AA@ 1000e638     MPEG2Dump.obj
 0002:0000064c       ??_C@_0BA@GLJOOKNO@OpenConnection?6?$AA@ 1000e64c     MPEG2Dump.obj
 0002:0000065c       ??_C@_0BC@GGMGJMMN@WRITEOPEN?5?$CFs?5?$CFd?$AN?6?$AA@ 1000e65c     MPEG2Dump.obj
 0002:00000670       ??_C@_02GIPFHKNO@OK?$AA@   1000e670     MPEG2Dump.obj
 0002:00000674       ??_C@_06FIMJICNC@QUIT?$AN?6?$AA@ 1000e674     MPEG2Dump.obj
 0002:0000067c       ??_C@_0BB@BHLCDFGC@CloseConnection?6?$AA@ 1000e67c     MPEG2Dump.obj
 0002:00000690       ??_C@_0BB@IILDHGJD@Register?5called?6?$AA@ 1000e690     MPEG2Dump.obj
 0002:000006a4       ??_C@_0BD@CLNBPMPK@Unregister?5called?6?$AA@ 1000e6a4     MPEG2Dump.obj
 0002:000006b8       _MEDIASUBTYPE_None         1000e6b8     strmiids:strmiids.obj
 0002:000006c8       _MEDIATYPE_Video           1000e6c8     strmiids:strmiids.obj
 0002:000006d8       _MEDIATYPE_Audio           1000e6d8     strmiids:strmiids.obj
 0002:000006e8       _MEDIATYPE_Text            1000e6e8     strmiids:strmiids.obj
 0002:000006f8       _MEDIATYPE_Midi            1000e6f8     strmiids:strmiids.obj
 0002:00000708       _MEDIATYPE_Stream          1000e708     strmiids:strmiids.obj
 0002:00000718       _MEDIATYPE_Interleaved     1000e718     strmiids:strmiids.obj
 0002:00000728       _MEDIATYPE_File            1000e728     strmiids:strmiids.obj
 0002:00000738       _MEDIATYPE_ScriptCommand   1000e738     strmiids:strmiids.obj
 0002:00000748       _MEDIATYPE_AUXLine21Data   1000e748     strmiids:strmiids.obj
 0002:00000758       _MEDIATYPE_AUXTeletextPage 1000e758     strmiids:strmiids.obj
 0002:00000768       _MEDIATYPE_CC_CONTAINER    1000e768     strmiids:strmiids.obj
 0002:00000778       _MEDIATYPE_DTVCCData       1000e778     strmiids:strmiids.obj
 0002:00000788       _MEDIATYPE_MSTVCaption     1000e788     strmiids:strmiids.obj
 0002:00000798       _MEDIATYPE_VBI             1000e798     strmiids:strmiids.obj
 0002:000007a8       _MEDIASUBTYPE_DVB_SUBTITLES 1000e7a8     strmiids:strmiids.obj
 0002:000007b8       _MEDIASUBTYPE_ISDB_CAPTIONS 1000e7b8     strmiids:strmiids.obj
 0002:000007c8       _MEDIASUBTYPE_ISDB_SUPERIMPOSE 1000e7c8     strmiids:strmiids.obj
 0002:000007d8       _MEDIATYPE_Timecode        1000e7d8     strmiids:strmiids.obj
 0002:000007e8       _MEDIATYPE_LMRT            1000e7e8     strmiids:strmiids.obj
 0002:000007f8       _MEDIATYPE_URL_STREAM      1000e7f8     strmiids:strmiids.obj
 0002:00000808       _MEDIASUBTYPE_CLPL         1000e808     strmiids:strmiids.obj
 0002:00000818       _MEDIASUBTYPE_YUYV         1000e818     strmiids:strmiids.obj
 0002:00000828       _MEDIASUBTYPE_IYUV         1000e828     strmiids:strmiids.obj
 0002:00000838       _MEDIASUBTYPE_YVU9         1000e838     strmiids:strmiids.obj
 0002:00000848       _MEDIASUBTYPE_Y411         1000e848     strmiids:strmiids.obj
 0002:00000858       _MEDIASUBTYPE_Y41P         1000e858     strmiids:strmiids.obj
 0002:00000868       _MEDIASUBTYPE_YUY2         1000e868     strmiids:strmiids.obj
 0002:00000878       _MEDIASUBTYPE_YVYU         1000e878     strmiids:strmiids.obj
 0002:00000888       _MEDIASUBTYPE_UYVY         1000e888     strmiids:strmiids.obj
 0002:00000898       _MEDIASUBTYPE_Y211         1000e898     strmiids:strmiids.obj
 0002:000008a8       _MEDIASUBTYPE_CLJR         1000e8a8     strmiids:strmiids.obj
 0002:000008b8       _MEDIASUBTYPE_IF09         1000e8b8     strmiids:strmiids.obj
 0002:000008c8       _MEDIASUBTYPE_CPLA         1000e8c8     strmiids:strmiids.obj
 0002:000008d8       _MEDIASUBTYPE_MJPG         1000e8d8     strmiids:strmiids.obj
 0002:000008e8       _MEDIASUBTYPE_TVMJ         1000e8e8     strmiids:strmiids.obj
 0002:000008f8       _MEDIASUBTYPE_WAKE         1000e8f8     strmiids:strmiids.obj
 0002:00000908       _MEDIASUBTYPE_CFCC         1000e908     strmiids:strmiids.obj
 0002:00000918       _MEDIASUBTYPE_IJPG         1000e918     strmiids:strmiids.obj
 0002:00000928       _MEDIASUBTYPE_Plum         1000e928     strmiids:strmiids.obj
 0002:00000938       _MEDIASUBTYPE_DVCS         1000e938     strmiids:strmiids.obj
 0002:00000948       _MEDIASUBTYPE_H264         1000e948     strmiids:strmiids.obj
 0002:00000958       _MEDIASUBTYPE_DVSD         1000e958     strmiids:strmiids.obj
 0002:00000968       _MEDIASUBTYPE_MDVF         1000e968     strmiids:strmiids.obj
 0002:00000978       _MEDIASUBTYPE_RGB1         1000e978     strmiids:strmiids.obj
 0002:00000988       _MEDIASUBTYPE_RGB4         1000e988     strmiids:strmiids.obj
 0002:00000998       _MEDIASUBTYPE_RGB8         1000e998     strmiids:strmiids.obj
 0002:000009a8       _MEDIASUBTYPE_RGB565       1000e9a8     strmiids:strmiids.obj
 0002:000009b8       _MEDIASUBTYPE_RGB555       1000e9b8     strmiids:strmiids.obj
 0002:000009c8       _MEDIASUBTYPE_RGB24        1000e9c8     strmiids:strmiids.obj
 0002:000009d8       _MEDIASUBTYPE_RGB32        1000e9d8     strmiids:strmiids.obj
 0002:000009e8       _MEDIASUBTYPE_ARGB1555     1000e9e8     strmiids:strmiids.obj
 0002:000009f8       _MEDIASUBTYPE_ARGB4444     1000e9f8     strmiids:strmiids.obj
 0002:00000a08       _MEDIASUBTYPE_ARGB32       1000ea08     strmiids:strmiids.obj
 0002:00000a18       _MEDIASUBTYPE_A2R10G10B10  1000ea18     strmiids:strmiids.obj
 0002:00000a28       _MEDIASUBTYPE_A2B10G10R10  1000ea28     strmiids:strmiids.obj
 0002:00000a38       _MEDIASUBTYPE_AYUV         1000ea38     strmiids:strmiids.obj
 0002:00000a48       _MEDIASUBTYPE_AI44         1000ea48     strmiids:strmiids.obj
 0002:00000a58       _MEDIASUBTYPE_IA44         1000ea58     strmiids:strmiids.obj
 0002:00000a68       _MEDIASUBTYPE_RGB32_D3D_DX7_RT 1000ea68     strmiids:strmiids.obj
 0002:00000a78       _MEDIASUBTYPE_RGB16_D3D_DX7_RT 1000ea78     strmiids:strmiids.obj
 0002:00000a88       _MEDIASUBTYPE_ARGB32_D3D_DX7_RT 1000ea88     strmiids:strmiids.obj
 0002:00000a98       _MEDIASUBTYPE_ARGB4444_D3D_DX7_RT 1000ea98     strmiids:strmiids.obj
 0002:00000aa8       _MEDIASUBTYPE_ARGB1555_D3D_DX7_RT 1000eaa8     strmiids:strmiids.obj
 0002:00000ab8       _MEDIASUBTYPE_RGB32_D3D_DX9_RT 1000eab8     strmiids:strmiids.obj
 0002:00000ac8       _MEDIASUBTYPE_RGB16_D3D_DX9_RT 1000eac8     strmiids:strmiids.obj
 0002:00000ad8       _MEDIASUBTYPE_ARGB32_D3D_DX9_RT 1000ead8     strmiids:strmiids.obj
 0002:00000ae8       _MEDIASUBTYPE_ARGB4444_D3D_DX9_RT 1000eae8     strmiids:strmiids.obj
 0002:00000af8       _MEDIASUBTYPE_ARGB1555_D3D_DX9_RT 1000eaf8     strmiids:strmiids.obj
 0002:00000b08       _MEDIASUBTYPE_YV12         1000eb08     strmiids:strmiids.obj
 0002:00000b18       _MEDIASUBTYPE_NV12         1000eb18     strmiids:strmiids.obj
 0002:00000b28       _MEDIASUBTYPE_NV11         1000eb28     strmiids:strmiids.obj
[...]
 0001:0000cd98       __ehhandler$?Pause@CBaseFilter@@UAGJXZ 1000dd98 f   strmbase:amfilter.obj
 0001:0000cdc0       __unwindfunclet$?StartUsingOutputPin@CDynamicOutputPin@@UAEJXZ$0 1000ddc0 f   strmbase:amfilter.obj
 0001:0000cdc8       __ehhandler$?StartUsingOutputPin@CDynamicOutputPin@@UAEJXZ 1000ddc8 f   strmbase:amfilter.obj
 0001:0000cdf0       __unwindfunclet$?Stop@CBaseFilter@@UAGJXZ$0 1000ddf0 f   strmbase:amfilter.obj
 0001:0000cdf8       __ehhandler$?Stop@CBaseFilter@@UAGJXZ 1000ddf8 f   strmbase:amfilter.obj
 0001:0000ce20       __unwindfunclet$?Pause@CMPEG2DumpFilter@@UAGJXZ$0 1000de20 f   MPEG2Dump.obj
 0001:0000ce20       __unwindfunclet$?EndOfStream@CDumpInputPin@@UAGJXZ$0 1000de20 f   MPEG2Dump.obj
 0001:0000ce20       __unwindfunclet$?EndFlush@CRenderedInputPin@@UAGJXZ$0 1000de20 f   strmbase:amextra.obj
 0001:0000ce20       __unwindfunclet$?Stop@CMPEG2DumpFilter@@UAGJXZ$0 1000de20 f   MPEG2Dump.obj
 0001:0000ce28       __ehhandler$?Stop@CMPEG2DumpFilter@@UAGJXZ 1000de28 f   MPEG2Dump.obj
 0001:0000ce28       __ehhandler$?EndOfStream@CDumpInputPin@@UAGJXZ 1000de28 f   MPEG2Dump.obj
 0001:0000ce28       __ehhandler$?Pause@CMPEG2DumpFilter@@UAGJXZ 1000de28 f   MPEG2Dump.obj
 0001:0000ce28       __ehhandler$?EndFlush@CRenderedInputPin@@UAGJXZ 1000de28 f   strmbase:amextra.obj
 0002:00000230       ?sudPinTypes@@3UREGPINTYPES@@B 1000e230     MPEG2Dump.obj
 0002:00000238       ?sudPins@@3UREGFILTERPINS@@B 1000e238     MPEG2Dump.obj
 0002:0000025c       ?sudDump@@3U_AMOVIESETUP_FILTER@@B 1000e25c     MPEG2Dump.obj
 0002:00000270       ?RED_TIMEOUT@@3HB          1000e270     MPEG2Dump.obj
 0002:000045f0       ?szOle32Aut@@3QB_WB        100125f0     strmbase:combase.obj
 0002:00004984       _GS_ExceptionPointers      10012984     msvcrt:gs_report.obj
 0002:00006e84       __unwindtable$?InitialThreadProc@CAsyncIo@@CGKPAX@Z 10014e84     AsyncIO.obj
 0002:00006e94       __ehfuncinfo$?InitialThreadProc@CAsyncIo@@CGKPAX@Z 10014e94     AsyncIO.obj
 0002:00006eb8       __unwindtable$?ThreadProc@CAsyncIo@@AAEKXZ 10014eb8     AsyncIO.obj
 0002:00006ec8       __ehfuncinfo$?ThreadProc@CAsyncIo@@AAEKXZ 10014ec8     AsyncIO.obj
 0002:00006eec       __ehfuncinfo$??0CAsyncIo@@QAE@K@Z 10014eec     AsyncIO.obj
 0002:00006f10       __unwindtable$??0CAsyncIo@@QAE@K@Z 10014f10     AsyncIO.obj
 0002:00006f40       __unwindtable$?Request@CAsyncIo@@QAEJPAXPAPAEPAKG@Z 10014f40     AsyncIO.obj
 0002:00006f48       __ehfuncinfo$?Request@CAsyncIo@@QAEJPAXPAPAEPAKG@Z 10014f48     AsyncIO.obj
 0002:00006f6c       __unwindtable$?ProcessRequests@CAsyncIo@@AAEXXZ 10014f6c     AsyncIO.obj
 0002:00006f6c       __unwindtable$?BeginFlush@CAsyncIo@@QAEJXZ 10014f6c     AsyncIO.obj
 0002:00006f7c       __ehfuncinfo$?ProcessRequests@CAsyncIo@@AAEXXZ 10014f7c     AsyncIO.obj
 0002:00006f7c       __ehfuncinfo$?BeginFlush@CAsyncIo@@QAEJXZ 10014f7c     AsyncIO.obj
 0002:00006fa0       __unwindtable$?Receive@CDumpInputPin@@UAGJPAUIMediaSample@@@Z 10014fa0     MPEG2Dump.obj
 0002:00006fb0       __ehfuncinfo$?Receive@CDumpInputPin@@UAGJPAUIMediaSample@@@Z 10014fb0     MPEG2Dump.obj
 0002:00006fd4       __ehfuncinfo$??0CMPEG2Dump@@QAE@PAUIUnknown@@PAJ@Z 10014fd4     MPEG2Dump.obj
 0002:00006ff8       __unwindtable$??0CMPEG2Dump@@QAE@PAUIUnknown@@PAJ@Z 10014ff8     MPEG2Dump.obj
 0002:00007040       __unwindtable$?CreateInstance@CMPEG2Dump@@SGPAVCUnknown@@PAUIUnknown@@PAJ@Z 10015040     MPEG2Dump.obj
 0002:00007048       __ehfuncinfo$?CreateInstance@CMPEG2Dump@@SGPAVCUnknown@@PAUIUnknown@@PAJ@Z 10015048     MPEG2Dump.obj
 0002:0000706c       __unwindtable$?SetFileName@CMPEG2Dump@@UAGJPB_WPBU_AMMediaType@@@Z 1001506c     MPEG2Dump.obj
 0002:0000707c       __ehfuncinfo$?SetFileName@CMPEG2Dump@@UAGJPB_WPBU_AMMediaType@@@Z 1001507c     MPEG2Dump.obj
 0002:000070a0       __ehfuncinfo$??1CEnumPins@@UAE@XZ 100150a0     strmbase:amfilter.obj
 0002:000070a0       __ehfuncinfo$??1CMPEG2Dump@@UAE@XZ 100150a0     MPEG2Dump.obj
 0002:000070a0       __ehfuncinfo$??1CBaseFilter@@UAE@XZ 100150a0     strmbase:amfilter.obj
 0002:000070a0       __ehfuncinfo$??1CMsgThread@@QAE@XZ 100150a0     strmbase:wxutil.obj
 0002:000070a0       __ehfuncinfo$??1CMediaSample@@UAE@XZ 100150a0     strmbase:amfilter.obj
 0002:000070a0       __ehfuncinfo$??1?$QzCComPtr@UIPinConnection@@@@QAE@XZ 100150a0     strmbase:amfilter.obj
 0002:000070a0       __ehfuncinfo$??1CMediaType@@QAE@XZ 100150a0     strmbase:mtype.obj
 0002:000070a0       __ehfuncinfo$??1CAsyncIo@@QAE@XZ 100150a0     AsyncIO.obj
 0002:000070a0       __ehfuncinfo$??1CBaseAllocator@@UAE@XZ 100150a0     strmbase:amfilter.obj
 0002:000070a0       __ehfuncinfo$??1CEnumMediaTypes@@UAE@XZ 100150a0     strmbase:amfilter.obj
 0002:000070a0       __ehfuncinfo$??1CBaseMediaFilter@@UAE@XZ 100150a0     strmbase:amfilter.obj
 0002:000070a0       __ehfuncinfo$??1CBaseInputPin@@UAE@XZ 100150a0     strmbase:amfilter.obj
 0002:000070c4       __unwindtable$?GetThreadMsg@CMsgThread@@UAEXPAVCMsg@@@Z 100150c4     strmbase:wxutil.obj
 0002:000070c4       __unwindtable$?ReceiveConnection@CBasePin@@UAGJPAUIPin@@PBU_AMMediaType@@@Z 100150c4     strmbase:amfilter.obj
 0002:000070c4       __unwindtable$?GetWorkItem@CAsyncIo@@AAEPAVCAsyncRequest@@XZ 100150c4     AsyncIO.obj
 0002:000070c4       __unwindtable$?CloseFile@CMPEG2Dump@@AAEJH@Z 100150c4     MPEG2Dump.obj
 0002:000070cc       __ehfuncinfo$?CloseFile@CMPEG2Dump@@AAEJH@Z 100150cc     MPEG2Dump.obj
 0002:000070cc       __ehfuncinfo$?GetThreadMsg@CMsgThread@@UAEXPAVCMsg@@@Z 100150cc     strmbase:wxutil.obj
 0002:000070cc       __ehfuncinfo$?ReceiveConnection@CBasePin@@UAGJPAUIPin@@PBU_AMMediaType@@@Z 100150cc     strmbase:amfilter.obj
 0002:000070cc       __ehfuncinfo$?GetWorkItem@CAsyncIo@@AAEPAVCAsyncRequest@@XZ 100150cc     AsyncIO.obj
 0002:000070f0       __unwindtable$?ConnectionMediaType@CBasePin@@UAGJPAU_AMMediaType@@@Z 100150f0     strmbase:amfilter.obj
 0002:000070f0       __unwindtable$?GetSyncSource@CBaseFilter@@UAGJPAPAUIReferenceClock@@@Z 100150f0     strmbase:amfilter.obj
 0002:000070f0       __unwindtable$?GetSyncSource@CBaseMediaFilter@@UAGJPAPAUIReferenceClock@@@Z 100150f0     strmbase:amfilter.obj
 0002:000070f8       __ehfuncinfo$?ConnectionMediaType@CBasePin@@UAGJPAU_AMMediaType@@@Z 100150f8     strmbase:amfilter.obj
 0002:000070f8       __ehfuncinfo$?GetSyncSource@CBaseMediaFilter@@UAGJPAPAUIReferenceClock@@@Z 100150f8     strmbase:amfilter.obj
 0002:000070f8       __ehfuncinfo$?GetSyncSource@CBaseFilter@@UAGJPAPAUIReferenceClock@@@Z 100150f8     strmbase:amfilter.obj
 0002:0000711c       __unwindtable$?Stop@CBaseFilter@@UAGJXZ 1001511c     strmbase:amfilter.obj
 0002:00007124       __ehfuncinfo$?Stop@CBaseFilter@@UAGJXZ 10015124     strmbase:amfilter.obj
 0002:00007148       __unwindtable$?Pause@CBaseFilter@@UAGJXZ 10015148     strmbase:amfilter.obj
 0002:00007150       __ehfuncinfo$?Pause@CBaseFilter@@UAGJXZ 10015150     strmbase:amfilter.obj
 0002:00007174       __unwindtable$?EnumPins@CBaseFilter@@UAGJPAPAUIEnumPins@@@Z 10015174     strmbase:amfilter.obj
 0002:0000717c       __ehfuncinfo$?EnumPins@CBaseFilter@@UAGJPAPAUIEnumPins@@@Z 1001517c     strmbase:amfilter.obj
 0002:000071a0       __unwindtable$?Run@CBaseFilter@@UAGJ_J@Z 100151a0     strmbase:amfilter.obj
 0002:000071a0       __unwindtable$?FindPin@CBaseFilter@@UAGJPB_WPAPAUIPin@@@Z 100151a0     strmbase:amfilter.obj
 0002:000071a8       __ehfuncinfo$?FindPin@CBaseFilter@@UAGJPB_WPAPAUIPin@@@Z 100151a8     strmbase:amfilter.obj
 0002:000071a8       __ehfuncinfo$?Run@CBaseFilter@@UAGJ_J@Z 100151a8     strmbase:amfilter.obj
 0002:000071cc       __unwindtable$??0CBasePin@@QAE@PBDPAVCBaseFilter@@PAVCCritSec@@PAJPB_WW4_PinDirection@@@Z 100151cc     strmbase:amfilter.obj
 0002:000071cc       __unwindtable$??0CBasePin@@QAE@PB_WPAVCBaseFilter@@PAVCCritSec@@PAJ0W4_PinDirection@@@Z 100151cc     strmbase:amfilter.obj
 0002:000071dc       __ehfuncinfo$??0CBasePin@@QAE@PBDPAVCBaseFilter@@PAVCCritSec@@PAJPB_WW4_PinDirection@@@Z 100151dc     strmbase:amfilter.obj
 0002:000071dc       __ehfuncinfo$??0CBasePin@@QAE@PB_WPAVCBaseFilter@@PAVCCritSec@@PAJ0W4_PinDirection@@@Z 100151dc     strmbase:amfilter.obj
 0002:00007200       __unwindtable$?Connect@CBasePin@@UAGJPAUIPin@@PBU_AMMediaType@@@Z 10015200     strmbase:amfilter.obj
 0002:00007200       __unwindtable$?PutWorkItem@CAsyncIo@@AAEJPAVCAsyncRequest@@@Z 10015200     AsyncIO.obj
 0002:00007208       __ehfuncinfo$?PutWorkItem@CAsyncIo@@AAEJPAVCAsyncRequest@@@Z 10015208     AsyncIO.obj
 0002:00007208       __ehfuncinfo$?Connect@CBasePin@@UAGJPAUIPin@@PBU_AMMediaType@@@Z 10015208     strmbase:amfilter.obj
 0002:0000722c       __unwindtable$?EnumMediaTypes@CBasePin@@UAGJPAPAUIEnumMediaTypes@@@Z 1001522c     strmbase:amfilter.obj
 0002:00007234       __ehfuncinfo$?EnumMediaTypes@CBasePin@@UAGJPAPAUIEnumMediaTypes@@@Z 10015234     strmbase:amfilter.obj
 0002:00007258       __unwindtable$??0CEnumPins@@QAE@PAVCBaseFilter@@PAV0@@Z 10015258     strmbase:amfilter.obj
 0002:00007260       __ehfuncinfo$??0CEnumPins@@QAE@PAVCBaseFilter@@PAV0@@Z 10015260     strmbase:amfilter.obj
 0002:00007284       __unwindtable$?Clone@CEnumPins@@UAGJPAPAUIEnumPins@@@Z 10015284     strmbase:amfilter.obj
 0002:0000728c       __ehfuncinfo$?Clone@CEnumPins@@UAGJPAPAUIEnumPins@@@Z 1001528c     strmbase:amfilter.obj
 0002:000072b0       __unwindtable$?Next@CEnumMediaTypes@@UAGJKPAPAU_AMMediaType@@PAK@Z 100152b0     strmbase:amfilter.obj
 0002:000072b8       __ehfuncinfo$?Next@CEnumMediaTypes@@UAGJKPAPAU_AMMediaType@@PAK@Z 100152b8     strmbase:amfilter.obj
 0002:000072dc       __unwindtable$?Clone@CEnumMediaTypes@@UAGJPAPAUIEnumMediaTypes@@@Z 100152dc     strmbase:amfilter.obj
 0002:000072e4       __ehfuncinfo$?Clone@CEnumMediaTypes@@UAGJPAPAUIEnumMediaTypes@@@Z 100152e4     strmbase:amfilter.obj
 0002:00007308       __unwindtable$??0CDynamicOutputPin@@QAE@PB_WPAVCBaseFilter@@PAVCCritSec@@PAJ0@Z 10015308     strmbase:amfilter.obj
 0002:00007308       __unwindtable$??0CDynamicOutputPin@@QAE@PBDPAVCBaseFilter@@PAVCCritSec@@PAJPB_W@Z 10015308     strmbase:amfilter.obj
 0002:00007318       __ehfuncinfo$??0CDynamicOutputPin@@QAE@PB_WPAVCBaseFilter@@PAVCCritSec@@PAJ0@Z 10015318     strmbase:amfilter.obj
 0002:00007318       __ehfuncinfo$??0CDynamicOutputPin@@QAE@PBDPAVCBaseFilter@@PAVCCritSec@@PAJPB_W@Z 10015318     strmbase:amfilter.obj
 0002:0000733c       __unwindtable$?JoinFilterGraph@CBaseFilter@@UAGJPAUIFilterGraph@@PB_W@Z 1001533c     strmbase:amfilter.obj
 0002:0000733c       __unwindtable$?SetNotify@CBaseAllocator@@UAGJPAUIMemAllocatorNotifyCallbackTemp@@@Z 1001533c     strmbase:amfilter.obj
 0002:0000733c       __unwindtable$?Run@CBaseMediaFilter@@UAGJ_J@Z 1001533c     strmbase:amfilter.obj
 0002:0000733c       __unwindtable$?Disconnect@CDynamicOutputPin@@UAGJXZ 1001533c     strmbase:amfilter.obj
 0002:0000733c       __unwindtable$?SetSyncSource@CBaseMediaFilter@@UAGJPAUIReferenceClock@@@Z 1001533c     strmbase:amfilter.obj
 0002:0000733c       __unwindtable$?NotifyAllocator@CBaseInputPin@@UAGJPAUIMemAllocator@@H@Z 1001533c     strmbase:amfilter.obj
 0002:0000733c       __unwindtable$?Complete@CAsyncIo@@QAEJK@Z 1001533c     AsyncIO.obj
 0002:0000733c       __unwindtable$?GetAllocator@CBaseInputPin@@UAGJPAPAUIMemAllocator@@@Z 1001533c     strmbase:amfilter.obj
 0002:0000733c       __unwindtable$?Disconnect@CBasePin@@UAGJXZ 1001533c     strmbase:amfilter.obj
 0002:0000733c       __unwindtable$?Commit@CBaseAllocator@@UAGJXZ 1001533c     strmbase:amfilter.obj
 0002:0000733c       __unwindtable$?NonDelegatingQueryInterface@CMPEG2Dump@@EAGJABU_GUID@@PAPAX@Z 1001533c     MPEG2Dump.obj
 0002:0000733c       __unwindtable$?Write@CMPEG2Dump@@UAGJPBXKPAK@Z 1001533c     MPEG2Dump.obj
 0002:0000733c       __unwindtable$?Decommit@CBaseAllocator@@UAGJXZ 1001533c     strmbase:amfilter.obj
 0002:0000733c       __unwindtable$?SetSyncSource@CBaseFilter@@UAGJPAUIReferenceClock@@@Z 1001533c     strmbase:amfilter.obj
 0002:0000733c       __unwindtable$?ReleaseBuffer@CBaseAllocator@@UAGJPAUIMediaSample@@@Z 1001533c     strmbase:amfilter.obj
 0002:00007344       __ehfuncinfo$?Commit@CBaseAllocator@@UAGJXZ 10015344     strmbase:amfilter.obj
 0002:00007344       __ehfuncinfo$?Complete@CAsyncIo@@QAEJK@Z 10015344     AsyncIO.obj
 0002:00007344       __ehfuncinfo$?NonDelegatingQueryInterface@CMPEG2Dump@@EAGJABU_GUID@@PAPAX@Z 10015344     MPEG2Dump.obj
 0002:00007344       __ehfuncinfo$?NotifyAllocator@CBaseInputPin@@UAGJPAUIMemAllocator@@H@Z 10015344     strmbase:amfilter.obj
 0002:00007344       __ehfuncinfo$?SetSyncSource@CBaseMediaFilter@@UAGJPAUIReferenceClock@@@Z 10015344     strmbase:amfilter.obj
 0002:00007344       __ehfuncinfo$?Disconnect@CDynamicOutputPin@@UAGJXZ 10015344     strmbase:amfilter.obj
 0002:00007344       __ehfuncinfo$?SetNotify@CBaseAllocator@@UAGJPAUIMemAllocatorNotifyCallbackTemp@@@Z 10015344     strmbase:amfilter.obj
 0002:00007344       __ehfuncinfo$?Run@CBaseMediaFilter@@UAGJ_J@Z 10015344     strmbase:amfilter.obj
 0002:00007344       __ehfuncinfo$?JoinFilterGraph@CBaseFilter@@UAGJPAUIFilterGraph@@PB_W@Z 10015344     strmbase:amfilter.obj
 0002:00007344       __ehfuncinfo$?SetSyncSource@CBaseFilter@@UAGJPAUIReferenceClock@@@Z 10015344     strmbase:amfilter.obj
 0002:00007344       __ehfuncinfo$?Decommit@CBaseAllocator@@UAGJXZ 10015344     strmbase:amfilter.obj
 0002:00007344       __ehfuncinfo$?Write@CMPEG2Dump@@UAGJPBXKPAK@Z 10015344     MPEG2Dump.obj
 0002:00007344       __ehfuncinfo$?GetAllocator@CBaseInputPin@@UAGJPAPAUIMemAllocator@@@Z 10015344     strmbase:amfilter.obj
 0002:00007344       __ehfuncinfo$?Disconnect@CBasePin@@UAGJXZ 10015344     strmbase:amfilter.obj
 0002:00007344       __ehfuncinfo$?ReleaseBuffer@CBaseAllocator@@UAGJPAUIMediaSample@@@Z 10015344     strmbase:amfilter.obj
 0002:00007368       __unwindtable$?StartUsingOutputPin@CDynamicOutputPin@@UAEJXZ 10015368     strmbase:amfilter.obj
 0002:00007370       __ehfuncinfo$?StartUsingOutputPin@CDynamicOutputPin@@UAEJXZ 10015370     strmbase:amfilter.obj
 0002:00007394       __unwindtable$?ChangeOutputFormat@CDynamicOutputPin@@QAEJPBU_AMMediaType@@_J1N@Z 10015394     strmbase:amfilter.obj
 0002:00007394       __unwindtable$?Skip@CEnumMediaTypes@@UAGJK@Z 10015394     strmbase:amfilter.obj
 0002:0000739c       __ehfuncinfo$?ChangeOutputFormat@CDynamicOutputPin@@QAEJPBU_AMMediaType@@_J1N@Z 1001539c     strmbase:amfilter.obj
 0002:0000739c       __ehfuncinfo$?Skip@CEnumMediaTypes@@UAGJK@Z 1001539c     strmbase:amfilter.obj
 0002:000073c0       __unwindtable$?ChangeMediaType@CDynamicOutputPin@@QAEJPBVCMediaType@@@Z 100153c0     strmbase:amfilter.obj
 0002:000073e0       __ehfuncinfo$?ChangeMediaType@CDynamicOutputPin@@QAEJPBVCMediaType@@@Z 100153e0     strmbase:amfilter.obj
 0002:00007404       __unwindtable$?AsynchronousBlockOutputPin@CDynamicOutputPin@@IAEJPAX@Z 10015404     strmbase:amfilter.obj
 0002:0000740c       __ehfuncinfo$?AsynchronousBlockOutputPin@CDynamicOutputPin@@IAEJPAX@Z 1001540c     strmbase:amfilter.obj
 0002:00007430       __unwindtable$?Alloc@CMemAllocator@@MAEJXZ 10015430     strmbase:amfilter.obj
 0002:00007438       __ehfuncinfo$?Alloc@CMemAllocator@@MAEJXZ 10015438     strmbase:amfilter.obj
 0002:0000745c       __unwindtable$?CreateInstance@CMemAllocator@@SAPAVCUnknown@@PAUIUnknown@@PAJ@Z 1001545c     strmbase:amfilter.obj
 0002:00007464       __ehfuncinfo$?CreateInstance@CMemAllocator@@SAPAVCUnknown@@PAUIUnknown@@PAJ@Z 10015464     strmbase:amfilter.obj
 0002:00007488       __unwindtable$??_GCMPEG2Dump@@UAEPAXI@Z 10015488     MPEG2Dump.obj
 0002:00007488       __unwindtable$??_GCEnumMediaTypes@@UAEPAXI@Z 10015488     strmbase:amfilter.obj
 0002:00007488       __unwindtable$??1CMemAllocator@@UAE@XZ 10015488     strmbase:amfilter.obj
 0002:00007488       __unwindtable$??_GCMediaSample@@UAEPAXI@Z 10015488     strmbase:amfilter.obj
 0002:00007488       __unwindtable$??_GCEnumPins@@UAEPAXI@Z 10015488     strmbase:amfilter.obj
 0002:00007490       __ehfuncinfo$??_GCMediaSample@@UAEPAXI@Z 10015490     strmbase:amfilter.obj
 0002:00007490       __ehfuncinfo$??_GCMPEG2Dump@@UAEPAXI@Z 10015490     MPEG2Dump.obj
 0002:00007490       __ehfuncinfo$??_GCEnumMediaTypes@@UAEPAXI@Z 10015490     strmbase:amfilter.obj
 0002:00007490       __ehfuncinfo$??1CMemAllocator@@UAE@XZ 10015490     strmbase:amfilter.obj
 0002:00007490       __ehfuncinfo$??_GCEnumPins@@UAEPAXI@Z 10015490     strmbase:amfilter.obj
 0002:000074b4       __unwindtable$??_GCMemAllocator@@UAEPAXI@Z 100154b4     strmbase:amfilter.obj
 0002:000074c4       __ehfuncinfo$??_GCMemAllocator@@UAEPAXI@Z 100154c4     strmbase:amfilter.obj
 0002:000074e8       __unwindtable$?EndOfStream@CDumpInputPin@@UAGJXZ 100154e8     MPEG2Dump.obj
 0002:000074e8       __unwindtable$?Stop@CMPEG2DumpFilter@@UAGJXZ 100154e8     MPEG2Dump.obj
 0002:000074e8       __unwindtable$?EndFlush@CRenderedInputPin@@UAGJXZ 100154e8     strmbase:amextra.obj
 0002:000074e8       __unwindtable$?Pause@CMPEG2DumpFilter@@UAGJXZ 100154e8     MPEG2Dump.obj
 0002:000074f0       __ehfuncinfo$?EndFlush@CRenderedInputPin@@UAGJXZ 100154f0     strmbase:amextra.obj
 0002:000074f0       __ehfuncinfo$?EndOfStream@CDumpInputPin@@UAGJXZ 100154f0     MPEG2Dump.obj
 0002:000074f0       __ehfuncinfo$?Pause@CMPEG2DumpFilter@@UAGJXZ 100154f0     MPEG2Dump.obj
 0002:000074f0       __ehfuncinfo$?Stop@CMPEG2DumpFilter@@UAGJXZ 100154f0     MPEG2Dump.obj
 0002:000075b0       .edata                     100155b0     MPEG2Dump.exp
 0002:000075d8       rgpv                       100155d8     MPEG2Dump.exp
 0002:000075e8       rgszName                   100155e8     MPEG2Dump.exp
 0002:000075f8       rgwOrd                     100155f8     MPEG2Dump.exp
 0002:00007600       szName                     10015600     MPEG2Dump.exp
 0002:0000760d       $N00001                    1001560d     MPEG2Dump.exp
 0002:0000761d       $N00002                    1001561d     MPEG2Dump.exp
 0002:0000762f       $N00003                    1001562f     MPEG2Dump.exp
 0002:00007641       $N00004                    10015641     MPEG2Dump.exp
 0002:00007982       .idata$6                   10015982     winmm:WINMM.dll
 0002:000079de       .idata$6                   100159de     vcruntime:VCRUNTIME140.dll
 0002:00007a92       .idata$6                   10015a92     ucrt:api-ms-win-crt-string-l1-1-0.dll
 0002:00007ab4       .idata$6                   10015ab4     ucrt:api-ms-win-crt-heap-l1-1-0.dll
 0002:00007ad4       .idata$6                   10015ad4     ucrt:api-ms-win-crt-convert-l1-1-0.dll
 0002:00007af6       .idata$6                   10015af6     ucrt:api-ms-win-crt-stdio-l1-1-0.dll
 0002:00007b16       .idata$6                   10015b16     ucrt:api-ms-win-crt-time-l1-1-0.dll
 0002:00007b36       .idata$6                   10015b36     wsock32:WSOCK32.dll
 0002:00007f50       .idata$6                   10015f50     kernel32:KERNEL32.dll
 0002:00007fe0       .idata$6                   10015fe0     user32:USER32.dll
 0002:00008080       .idata$6                   10016080     advapi32:ADVAPI32.dll
 0002:00008110       .idata$6                   10016110     ole32:ole32.dll
 0002:0000811a       .idata$6                   1001611a     oleaut32:OLEAUT32.dll
 0003:00000500       ?flog_enabled@@3_NA        10017500     MPEG2Dump.obj
 0003:0000062c       ?uMsgId@?1??WaitDispatchingMessages@@YGKPAXKPAUHWND__@@I0@Z@4IA 1001762c     strmbase:wxutil.obj
 0003:00000630       ?fCheckedVersion@?2??CompatibleTimeSetEvent@@YAIIIP6GXIIKKK@ZKI@Z@4_NA 10017630     strmbase:wxutil.obj
 0003:00000631       ?fTimeKillSynchronousFlagAvailable@?2??CompatibleTimeSetEvent@@YAIIIP6GXIIKKK@ZKI@Z@4_NA 10017631     strmbase:wxutil.obj
 0003:00000640       _GS_ExceptionRecord        10017640     msvcrt:gs_report.obj
 0003:00000690       _GS_ContextRecord          10017690     msvcrt:gs_report.obj
 0004:000000a0       $R000000                   100180a0     MPEG2Dump.res
 0004:00000320       $R000280                   10018320     MPEG2Dump.res
